build_and_deploy	Set up job	∩╗┐2026-03-23T22:38:11.7891928Z Current runner version: '2.332.0'
build_and_deploy	Set up job	2026-03-23T22:38:11.7916610Z ##[group]Runner Image Provisioner
build_and_deploy	Set up job	2026-03-23T22:38:11.7917376Z Hosted Compute Agent
build_and_deploy	Set up job	2026-03-23T22:38:11.7918045Z Version: 20260213.493
build_and_deploy	Set up job	2026-03-23T22:38:11.7918638Z Commit: 5c115507f6dd24b8de37d8bbe0bb4509d0cc0fa3
build_and_deploy	Set up job	2026-03-23T22:38:11.7919343Z Build Date: 2026-02-13T00:28:41Z
build_and_deploy	Set up job	2026-03-23T22:38:11.7920039Z Worker ID: {76c76ebf-239d-4baa-9c7e-93eb8d1ac1fc}
build_and_deploy	Set up job	2026-03-23T22:38:11.7920718Z Azure Region: centralus
build_and_deploy	Set up job	2026-03-23T22:38:11.7921286Z ##[endgroup]
build_and_deploy	Set up job	2026-03-23T22:38:11.7922650Z ##[group]Operating System
build_and_deploy	Set up job	2026-03-23T22:38:11.7923408Z Ubuntu
build_and_deploy	Set up job	2026-03-23T22:38:11.7924004Z 24.04.3
build_and_deploy	Set up job	2026-03-23T22:38:11.7924638Z LTS
build_and_deploy	Set up job	2026-03-23T22:38:11.7925154Z ##[endgroup]
build_and_deploy	Set up job	2026-03-23T22:38:11.7925669Z ##[group]Runner Image
build_and_deploy	Set up job	2026-03-23T22:38:11.7926234Z Image: ubuntu-24.04
build_and_deploy	Set up job	2026-03-23T22:38:11.7926784Z Version: 20260309.50.1
build_and_deploy	Set up job	2026-03-23T22:38:11.7927801Z Included Software: https://github.com/actions/runner-images/blob/ubuntu24/20260309.50/images/ubuntu/Ubuntu2404-Readme.md
build_and_deploy	Set up job	2026-03-23T22:38:11.7929539Z Image Release: https://github.com/actions/runner-images/releases/tag/ubuntu24%2F20260309.50
build_and_deploy	Set up job	2026-03-23T22:38:11.7930441Z ##[endgroup]
build_and_deploy	Set up job	2026-03-23T22:38:11.7931535Z ##[group]GITHUB_TOKEN Permissions
build_and_deploy	Set up job	2026-03-23T22:38:11.7933667Z Contents: write
build_and_deploy	Set up job	2026-03-23T22:38:11.7934551Z Metadata: read
build_and_deploy	Set up job	2026-03-23T22:38:11.7935110Z ##[endgroup]
build_and_deploy	Set up job	2026-03-23T22:38:11.7937164Z Secret source: Actions
build_and_deploy	Set up job	2026-03-23T22:38:11.7938145Z Prepare workflow directory
build_and_deploy	Set up job	2026-03-23T22:38:11.8269784Z Prepare all required actions
build_and_deploy	Set up job	2026-03-23T22:38:11.8309675Z Getting action download info
build_and_deploy	Set up job	2026-03-23T22:38:12.1836970Z Download action repository 'actions/checkout@v4' (SHA:34e114876b0b11c390a56381ad16ebd13914f8d5)
build_and_deploy	Set up job	2026-03-23T22:38:12.3107855Z Download action repository 'subosito/flutter-action@v2' (SHA:0ca7a949e71ae44c8e688a51c5e7e93b2c87e295)
build_and_deploy	Set up job	2026-03-23T22:38:12.7156053Z Download action repository 'peaceiris/actions-gh-pages@v3' (SHA:373f7f263a76c20808c831209c920827a82a2847)
build_and_deploy	Set up job	2026-03-23T22:38:13.3425475Z Getting action download info
build_and_deploy	Set up job	2026-03-23T22:38:13.4748481Z Download action repository 'actions/cache@v5' (SHA:668228422ae6a00e4ad889ee87cd7109ec5666a7)
build_and_deploy	Set up job	2026-03-23T22:38:14.0832439Z Complete job name: build_and_deploy
build_and_deploy	Checkout repository	∩╗┐2026-03-23T22:38:14.1647648Z ##[group]Run actions/checkout@v4
build_and_deploy	Checkout repository	2026-03-23T22:38:14.1648878Z with:
build_and_deploy	Checkout repository	2026-03-23T22:38:14.1649587Z   repository: emingarip/sports-app
build_and_deploy	Checkout repository	2026-03-23T22:38:14.1650744Z   token: ***
build_and_deploy	Checkout repository	2026-03-23T22:38:14.1651409Z   ssh-strict: true
build_and_deploy	Checkout repository	2026-03-23T22:38:14.1652107Z   ssh-user: git
build_and_deploy	Checkout repository	2026-03-23T22:38:14.1652817Z   persist-credentials: true
build_and_deploy	Checkout repository	2026-03-23T22:38:14.1653626Z   clean: true
build_and_deploy	Checkout repository	2026-03-23T22:38:14.1654604Z   sparse-checkout-cone-mode: true
build_and_deploy	Checkout repository	2026-03-23T22:38:14.1655501Z   fetch-depth: 1
build_and_deploy	Checkout repository	2026-03-23T22:38:14.1656184Z   fetch-tags: false
build_and_deploy	Checkout repository	2026-03-23T22:38:14.1656904Z   show-progress: true
build_and_deploy	Checkout repository	2026-03-23T22:38:14.1657643Z   lfs: false
build_and_deploy	Checkout repository	2026-03-23T22:38:14.1658296Z   submodules: false
build_and_deploy	Checkout repository	2026-03-23T22:38:14.1659036Z   set-safe-directory: true
build_and_deploy	Checkout repository	2026-03-23T22:38:14.1660098Z ##[endgroup]
build_and_deploy	Checkout repository	2026-03-23T22:38:14.2794295Z Syncing repository: emingarip/sports-app
build_and_deploy	Checkout repository	2026-03-23T22:38:14.2798189Z ##[group]Getting Git version info
build_and_deploy	Checkout repository	2026-03-23T22:38:14.2800370Z Working directory is '/home/runner/work/sports-app/sports-app'
build_and_deploy	Checkout repository	2026-03-23T22:38:14.2803515Z [command]/usr/bin/git version
build_and_deploy	Checkout repository	2026-03-23T22:38:14.2871934Z git version 2.53.0
build_and_deploy	Checkout repository	2026-03-23T22:38:14.2903076Z ##[endgroup]
build_and_deploy	Checkout repository	2026-03-23T22:38:14.2920185Z Temporarily overriding HOME='/home/runner/work/_temp/912f8533-212a-49ca-a586-94de126cde87' before making global git config changes
build_and_deploy	Checkout repository	2026-03-23T22:38:14.2925021Z Adding repository directory to the temporary git global config as a safe directory
build_and_deploy	Checkout repository	2026-03-23T22:38:14.2934602Z [command]/usr/bin/git config --global --add safe.directory /home/runner/work/sports-app/sports-app
build_and_deploy	Checkout repository	2026-03-23T22:38:14.2978534Z Deleting the contents of '/home/runner/work/sports-app/sports-app'
build_and_deploy	Checkout repository	2026-03-23T22:38:14.2982247Z ##[group]Initializing the repository
build_and_deploy	Checkout repository	2026-03-23T22:38:14.2987772Z [command]/usr/bin/git init /home/runner/work/sports-app/sports-app
build_and_deploy	Checkout repository	2026-03-23T22:38:14.3095593Z hint: Using 'master' as the name for the initial branch. This default branch name
build_and_deploy	Checkout repository	2026-03-23T22:38:14.3097995Z hint: will change to "main" in Git 3.0. To configure the initial branch name
build_and_deploy	Checkout repository	2026-03-23T22:38:14.3100554Z hint: to use in all of your new repositories, which will suppress this warning,
build_and_deploy	Checkout repository	2026-03-23T22:38:14.3103007Z hint: call:
build_and_deploy	Checkout repository	2026-03-23T22:38:14.3104351Z hint:
build_and_deploy	Checkout repository	2026-03-23T22:38:14.3105815Z hint: 	git config --global init.defaultBranch <name>
build_and_deploy	Checkout repository	2026-03-23T22:38:14.3107714Z hint:
build_and_deploy	Checkout repository	2026-03-23T22:38:14.3109418Z hint: Names commonly chosen instead of 'master' are 'main', 'trunk' and
build_and_deploy	Checkout repository	2026-03-23T22:38:14.3112459Z hint: 'development'. The just-created branch can be renamed via this command:
build_and_deploy	Checkout repository	2026-03-23T22:38:14.3115092Z hint:
build_and_deploy	Checkout repository	2026-03-23T22:38:14.3116232Z hint: 	git branch -m <name>
build_and_deploy	Checkout repository	2026-03-23T22:38:14.3117539Z hint:
build_and_deploy	Checkout repository	2026-03-23T22:38:14.3119395Z hint: Disable this message with "git config set advice.defaultBranchName false"
build_and_deploy	Checkout repository	2026-03-23T22:38:14.3121957Z Initialized empty Git repository in /home/runner/work/sports-app/sports-app/.git/
build_and_deploy	Checkout repository	2026-03-23T22:38:14.3125207Z [command]/usr/bin/git remote add origin https://github.com/emingarip/sports-app
build_and_deploy	Checkout repository	2026-03-23T22:38:14.3151837Z ##[endgroup]
build_and_deploy	Checkout repository	2026-03-23T22:38:14.3154227Z ##[group]Disabling automatic garbage collection
build_and_deploy	Checkout repository	2026-03-23T22:38:14.3156381Z [command]/usr/bin/git config --local gc.auto 0
build_and_deploy	Checkout repository	2026-03-23T22:38:14.3187687Z ##[endgroup]
build_and_deploy	Checkout repository	2026-03-23T22:38:14.3189766Z ##[group]Setting up auth
build_and_deploy	Checkout repository	2026-03-23T22:38:14.3195513Z [command]/usr/bin/git config --local --name-only --get-regexp core\.sshCommand
build_and_deploy	Checkout repository	2026-03-23T22:38:14.3229894Z [command]/usr/bin/git submodule foreach --recursive sh -c "git config --local --name-only --get-regexp 'core\.sshCommand' && git config --local --unset-all 'core.sshCommand' || :"
build_and_deploy	Checkout repository	2026-03-23T22:38:14.3581775Z [command]/usr/bin/git config --local --name-only --get-regexp http\.https\:\/\/github\.com\/\.extraheader
build_and_deploy	Checkout repository	2026-03-23T22:38:14.3616135Z [command]/usr/bin/git submodule foreach --recursive sh -c "git config --local --name-only --get-regexp 'http\.https\:\/\/github\.com\/\.extraheader' && git config --local --unset-all 'http.https://github.com/.extraheader' || :"
build_and_deploy	Checkout repository	2026-03-23T22:38:14.3849339Z [command]/usr/bin/git config --local --name-only --get-regexp ^includeIf\.gitdir:
build_and_deploy	Checkout repository	2026-03-23T22:38:14.3882436Z [command]/usr/bin/git submodule foreach --recursive git config --local --show-origin --name-only --get-regexp remote.origin.url
build_and_deploy	Checkout repository	2026-03-23T22:38:14.4132889Z [command]/usr/bin/git config --local http.https://github.com/.extraheader AUTHORIZATION: basic ***
build_and_deploy	Checkout repository	2026-03-23T22:38:14.4168204Z ##[endgroup]
build_and_deploy	Checkout repository	2026-03-23T22:38:14.4170398Z ##[group]Fetching the repository
build_and_deploy	Checkout repository	2026-03-23T22:38:14.4180363Z [command]/usr/bin/git -c protocol.version=2 fetch --no-tags --prune --no-recurse-submodules --depth=1 origin +87bc686c5348c8f6f62ed81c3d857cb5ea3ed963:refs/remotes/origin/feature/smart-filter-ui
build_and_deploy	Checkout repository	2026-03-23T22:38:14.8225314Z From https://github.com/emingarip/sports-app
build_and_deploy	Checkout repository	2026-03-23T22:38:14.8227418Z  * [new ref]         87bc686c5348c8f6f62ed81c3d857cb5ea3ed963 -> origin/feature/smart-filter-ui
build_and_deploy	Checkout repository	2026-03-23T22:38:14.8267745Z ##[endgroup]
build_and_deploy	Checkout repository	2026-03-23T22:38:14.8269812Z ##[group]Determining the checkout info
build_and_deploy	Checkout repository	2026-03-23T22:38:14.8272271Z ##[endgroup]
build_and_deploy	Checkout repository	2026-03-23T22:38:14.8276105Z [command]/usr/bin/git sparse-checkout disable
build_and_deploy	Checkout repository	2026-03-23T22:38:14.8323451Z [command]/usr/bin/git config --local --unset-all extensions.worktreeConfig
build_and_deploy	Checkout repository	2026-03-23T22:38:14.8355008Z ##[group]Checking out the ref
build_and_deploy	Checkout repository	2026-03-23T22:38:14.8360438Z [command]/usr/bin/git checkout --progress --force -B feature/smart-filter-ui refs/remotes/origin/feature/smart-filter-ui
build_and_deploy	Checkout repository	2026-03-23T22:38:14.8581814Z Switched to a new branch 'feature/smart-filter-ui'
build_and_deploy	Checkout repository	2026-03-23T22:38:14.8586731Z branch 'feature/smart-filter-ui' set up to track 'origin/feature/smart-filter-ui'.
build_and_deploy	Checkout repository	2026-03-23T22:38:14.8594192Z ##[endgroup]
build_and_deploy	Checkout repository	2026-03-23T22:38:14.8634719Z [command]/usr/bin/git log -1 --format=%H
build_and_deploy	Checkout repository	2026-03-23T22:38:14.8661917Z 87bc686c5348c8f6f62ed81c3d857cb5ea3ed963
build_and_deploy	Setup Flutter	∩╗┐2026-03-23T22:38:14.9278810Z ##[group]Run subosito/flutter-action@v2
build_and_deploy	Setup Flutter	2026-03-23T22:38:14.9280365Z with:
build_and_deploy	Setup Flutter	2026-03-23T22:38:14.9281540Z   channel: stable
build_and_deploy	Setup Flutter	2026-03-23T22:38:14.9282565Z   cache: true
build_and_deploy	Setup Flutter	2026-03-23T22:38:14.9283599Z   architecture: X64
build_and_deploy	Setup Flutter	2026-03-23T22:38:14.9284653Z   pub-cache-path: default
build_and_deploy	Setup Flutter	2026-03-23T22:38:14.9285398Z   dry-run: false
build_and_deploy	Setup Flutter	2026-03-23T22:38:14.9286212Z   git-source: https://github.com/flutter/flutter.git
build_and_deploy	Setup Flutter	2026-03-23T22:38:14.9287224Z ##[endgroup]
build_and_deploy	Setup Flutter	2026-03-23T22:38:14.9419114Z ##[group]Run chmod +x "$GITHUB_ACTION_PATH/setup.sh"
build_and_deploy	Setup Flutter	2026-03-23T22:38:14.9420371Z [36;1mchmod +x "$GITHUB_ACTION_PATH/setup.sh"[0m
build_and_deploy	Setup Flutter	2026-03-23T22:38:14.9477098Z shell: /usr/bin/bash --noprofile --norc -e -o pipefail {0}
build_and_deploy	Setup Flutter	2026-03-23T22:38:14.9478203Z ##[endgroup]
build_and_deploy	Setup Flutter	2026-03-23T22:38:14.9664590Z ##[group]Run $GITHUB_ACTION_PATH/setup.sh -p \
build_and_deploy	Setup Flutter	2026-03-23T22:38:14.9665695Z [36;1m$GITHUB_ACTION_PATH/setup.sh -p \[0m
build_and_deploy	Setup Flutter	2026-03-23T22:38:14.9666605Z [36;1m  -n '' \[0m
build_and_deploy	Setup Flutter	2026-03-23T22:38:14.9667260Z [36;1m  -f '' \[0m
build_and_deploy	Setup Flutter	2026-03-23T22:38:14.9667929Z [36;1m  -a 'X64' \[0m
build_and_deploy	Setup Flutter	2026-03-23T22:38:14.9668642Z [36;1m  -k '' \[0m
build_and_deploy	Setup Flutter	2026-03-23T22:38:14.9669316Z [36;1m  -c '' \[0m
build_and_deploy	Setup Flutter	2026-03-23T22:38:14.9669964Z [36;1m  -l '' \[0m
build_and_deploy	Setup Flutter	2026-03-23T22:38:14.9670645Z [36;1m  -d 'default' \[0m
build_and_deploy	Setup Flutter	2026-03-23T22:38:14.9671580Z [36;1m  -g 'https://github.com/flutter/flutter.git' \[0m
build_and_deploy	Setup Flutter	2026-03-23T22:38:14.9672604Z [36;1m  stable[0m
build_and_deploy	Setup Flutter	2026-03-23T22:38:14.9722144Z shell: /usr/bin/bash --noprofile --norc -e -o pipefail {0}
build_and_deploy	Setup Flutter	2026-03-23T22:38:14.9723203Z ##[endgroup]
build_and_deploy	Setup Flutter	2026-03-23T22:38:15.2888231Z ##[group]Run actions/cache@v5
build_and_deploy	Setup Flutter	2026-03-23T22:38:15.2889036Z with:
build_and_deploy	Setup Flutter	2026-03-23T22:38:15.2889789Z   path: /opt/hostedtoolcache/flutter/stable-3.41.5-x64
build_and_deploy	Setup Flutter	2026-03-23T22:38:15.2891259Z   key: flutter-linux-stable-3.41.5-x64-2c9eb20739dfec95e2c74bd3dfa4601b0a8a36aa
build_and_deploy	Setup Flutter	2026-03-23T22:38:15.2892630Z   enableCrossOsArchive: false
build_and_deploy	Setup Flutter	2026-03-23T22:38:15.2893429Z   fail-on-cache-miss: false
build_and_deploy	Setup Flutter	2026-03-23T22:38:15.2894452Z   lookup-only: false
build_and_deploy	Setup Flutter	2026-03-23T22:38:15.2895134Z   save-always: false
build_and_deploy	Setup Flutter	2026-03-23T22:38:15.2895809Z ##[endgroup]
build_and_deploy	Setup Flutter	2026-03-23T22:38:15.5274176Z Cache hit for: flutter-linux-stable-3.41.5-x64-2c9eb20739dfec95e2c74bd3dfa4601b0a8a36aa
build_and_deploy	Setup Flutter	2026-03-23T22:38:16.7410302Z Received 134217728 of 1660971993 (8.1%), 120.5 MBs/sec
build_and_deploy	Setup Flutter	2026-03-23T22:38:17.7410407Z Received 339738624 of 1660971993 (20.5%), 157.1 MBs/sec
build_and_deploy	Setup Flutter	2026-03-23T22:38:18.7874871Z Received 536870912 of 1660971993 (32.3%), 164.8 MBs/sec
build_and_deploy	Setup Flutter	2026-03-23T22:38:19.7895571Z Received 734003200 of 1660971993 (44.2%), 170.4 MBs/sec
build_and_deploy	Setup Flutter	2026-03-23T22:38:20.8134783Z Received 939524096 of 1660971993 (56.6%), 174.5 MBs/sec
build_and_deploy	Setup Flutter	2026-03-23T22:38:21.8134820Z Received 1140850688 of 1660971993 (68.7%), 177.3 MBs/sec
build_and_deploy	Setup Flutter	2026-03-23T22:38:22.8136097Z Received 1342177280 of 1660971993 (80.8%), 179.4 MBs/sec
build_and_deploy	Setup Flutter	2026-03-23T22:38:23.8162918Z Received 1551892480 of 1660971993 (93.4%), 181.9 MBs/sec
build_and_deploy	Setup Flutter	2026-03-23T22:38:24.4614802Z Received 1660971993 of 1660971993 (100.0%), 180.4 MBs/sec
build_and_deploy	Setup Flutter	2026-03-23T22:38:24.4617691Z Cache Size: ~1584 MB (1660971993 B)
build_and_deploy	Setup Flutter	2026-03-23T22:38:24.4771878Z [command]/usr/bin/tar -xf /home/runner/work/_temp/d119e9d1-1e83-4b7e-96b1-938a69fd8a87/cache.tzst -P -C /home/runner/work/sports-app/sports-app --use-compress-program unzstd
build_and_deploy	Setup Flutter	2026-03-23T22:38:29.4956892Z Cache restored successfully
build_and_deploy	Setup Flutter	2026-03-23T22:38:29.9722622Z Cache restored from key: flutter-linux-stable-3.41.5-x64-2c9eb20739dfec95e2c74bd3dfa4601b0a8a36aa
build_and_deploy	Setup Flutter	2026-03-23T22:38:30.0788937Z ##[group]Run actions/cache@v5
build_and_deploy	Setup Flutter	2026-03-23T22:38:30.0789214Z with:
build_and_deploy	Setup Flutter	2026-03-23T22:38:30.0789443Z   path: /home/runner/.pub-cache
build_and_deploy	Setup Flutter	2026-03-23T22:38:30.0790210Z   key: flutter-pub-linux-stable-3.41.5-x64-2c9eb20739dfec95e2c74bd3dfa4601b0a8a36aa-f67ddf91bf14861a489377cf12edb59a36b30a95b00aa30d3f0b0b21c5fcd4bc
build_and_deploy	Setup Flutter	2026-03-23T22:38:30.0791016Z   enableCrossOsArchive: false
build_and_deploy	Setup Flutter	2026-03-23T22:38:30.0791269Z   fail-on-cache-miss: false
build_and_deploy	Setup Flutter	2026-03-23T22:38:30.0791495Z   lookup-only: false
build_and_deploy	Setup Flutter	2026-03-23T22:38:30.0791700Z   save-always: false
build_and_deploy	Setup Flutter	2026-03-23T22:38:30.0791903Z ##[endgroup]
build_and_deploy	Setup Flutter	2026-03-23T22:38:30.3337445Z Cache hit for: flutter-pub-linux-stable-3.41.5-x64-2c9eb20739dfec95e2c74bd3dfa4601b0a8a36aa-f67ddf91bf14861a489377cf12edb59a36b30a95b00aa30d3f0b0b21c5fcd4bc
build_and_deploy	Setup Flutter	2026-03-23T22:38:31.3267922Z Received 40665433 of 40665433 (100.0%), 53.0 MBs/sec
build_and_deploy	Setup Flutter	2026-03-23T22:38:31.3268596Z Cache Size: ~39 MB (40665433 B)
build_and_deploy	Setup Flutter	2026-03-23T22:38:31.3295707Z [command]/usr/bin/tar -xf /home/runner/work/_temp/889723f1-0302-4cb0-b949-9921c99f7c76/cache.tzst -P -C /home/runner/work/sports-app/sports-app --use-compress-program unzstd
build_and_deploy	Setup Flutter	2026-03-23T22:38:32.0909946Z Cache restored successfully
build_and_deploy	Setup Flutter	2026-03-23T22:38:32.1072990Z Cache restored from key: flutter-pub-linux-stable-3.41.5-x64-2c9eb20739dfec95e2c74bd3dfa4601b0a8a36aa-f67ddf91bf14861a489377cf12edb59a36b30a95b00aa30d3f0b0b21c5fcd4bc
build_and_deploy	Setup Flutter	2026-03-23T22:38:32.1186221Z ##[group]Run $GITHUB_ACTION_PATH/setup.sh \
build_and_deploy	Setup Flutter	2026-03-23T22:38:32.1186585Z [36;1m$GITHUB_ACTION_PATH/setup.sh \[0m
build_and_deploy	Setup Flutter	2026-03-23T22:38:32.1186912Z [36;1m  -n '3.41.5' \[0m
build_and_deploy	Setup Flutter	2026-03-23T22:38:32.1187134Z [36;1m  -a 'x64' \[0m
build_and_deploy	Setup Flutter	2026-03-23T22:38:32.1187440Z [36;1m  -c '/opt/hostedtoolcache/flutter/stable-3.41.5-x64' \[0m
build_and_deploy	Setup Flutter	2026-03-23T22:38:32.1187813Z [36;1m  -d '/home/runner/.pub-cache' \[0m
build_and_deploy	Setup Flutter	2026-03-23T22:38:32.1188088Z [36;1m  stable[0m
build_and_deploy	Setup Flutter	2026-03-23T22:38:32.1236256Z shell: /usr/bin/bash --noprofile --norc -e -o pipefail {0}
build_and_deploy	Setup Flutter	2026-03-23T22:38:32.1236595Z ##[endgroup]
build_and_deploy	Install dependencies	∩╗┐2026-03-23T22:38:32.3922117Z ##[group]Run flutter pub get
build_and_deploy	Install dependencies	2026-03-23T22:38:32.3922437Z [36;1mflutter pub get[0m
build_and_deploy	Install dependencies	2026-03-23T22:38:32.3974306Z shell: /usr/bin/bash -e {0}
build_and_deploy	Install dependencies	2026-03-23T22:38:32.3974715Z env:
build_and_deploy	Install dependencies	2026-03-23T22:38:32.3975079Z   FLUTTER_ROOT: /opt/hostedtoolcache/flutter/stable-3.41.5-x64
build_and_deploy	Install dependencies	2026-03-23T22:38:32.3975451Z   PUB_CACHE: /home/runner/.pub-cache
build_and_deploy	Install dependencies	2026-03-23T22:38:32.3975718Z ##[endgroup]
build_and_deploy	Install dependencies	2026-03-23T22:38:32.6093392Z Resolving dependencies...
build_and_deploy	Install dependencies	2026-03-23T22:38:32.7803542Z Downloading packages...
build_and_deploy	Install dependencies	2026-03-23T22:38:32.8857396Z   _fe_analyzer_shared 92.0.0 (98.0.0 available)
build_and_deploy	Install dependencies	2026-03-23T22:38:32.8857984Z   analyzer 9.0.0 (12.0.0 available)
build_and_deploy	Install dependencies	2026-03-23T22:38:32.8858432Z   analyzer_buffer 0.3.0 (0.3.1 available)
build_and_deploy	Install dependencies	2026-03-23T22:38:32.8858890Z   app_links 6.4.1 (7.0.0 available)
build_and_deploy	Install dependencies	2026-03-23T22:38:32.8859294Z   build 4.0.4 (4.0.5 available)
build_and_deploy	Install dependencies	2026-03-23T22:38:32.8859772Z   build_runner 2.13.0 (2.13.1 available)
build_and_deploy	Install dependencies	2026-03-23T22:38:32.8860240Z   dart_jsonwebtoken 3.3.2 (3.4.0 available)
build_and_deploy	Install dependencies	2026-03-23T22:38:32.8860691Z   dart_style 3.1.3 (3.1.8 available)
build_and_deploy	Install dependencies	2026-03-23T22:38:32.8861177Z   flutter_lints 3.0.2 (6.0.0 available)
build_and_deploy	Install dependencies	2026-03-23T22:38:32.8861605Z   google_fonts 6.3.3 (8.0.2 available)
build_and_deploy	Install dependencies	2026-03-23T22:38:32.8862027Z   lints 3.0.0 (6.1.0 available)
build_and_deploy	Install dependencies	2026-03-23T22:38:32.8862399Z   meta 1.17.0 (1.18.2 available)
build_and_deploy	Install dependencies	2026-03-23T22:38:32.8862763Z   source_gen 4.2.1 (4.2.2 available)
build_and_deploy	Install dependencies	2026-03-23T22:38:32.8863152Z   test 1.30.0 (1.31.0 available)
build_and_deploy	Install dependencies	2026-03-23T22:38:32.8863533Z   test_api 0.7.10 (0.7.11 available)
build_and_deploy	Install dependencies	2026-03-23T22:38:32.8864119Z   test_core 0.6.16 (0.6.17 available)
build_and_deploy	Install dependencies	2026-03-23T22:38:32.8864522Z   vector_math 2.2.0 (2.3.0 available)
build_and_deploy	Install dependencies	2026-03-23T22:38:32.8864935Z Got dependencies!
build_and_deploy	Install dependencies	2026-03-23T22:38:32.8867814Z 17 packages have newer versions incompatible with dependency constraints.
build_and_deploy	Install dependencies	2026-03-23T22:38:32.8868533Z Try `flutter pub outdated` for more information.
build_and_deploy	Run Tests	∩╗┐2026-03-23T22:38:33.3688495Z ##[group]Run flutter test
build_and_deploy	Run Tests	2026-03-23T22:38:33.3688789Z [36;1mflutter test[0m
build_and_deploy	Run Tests	2026-03-23T22:38:33.3737112Z shell: /usr/bin/bash -e {0}
build_and_deploy	Run Tests	2026-03-23T22:38:33.3737358Z env:
build_and_deploy	Run Tests	2026-03-23T22:38:33.3737638Z   FLUTTER_ROOT: /opt/hostedtoolcache/flutter/stable-3.41.5-x64
build_and_deploy	Run Tests	2026-03-23T22:38:33.3737993Z   PUB_CACHE: /home/runner/.pub-cache
build_and_deploy	Run Tests	2026-03-23T22:38:33.3738246Z ##[endgroup]
build_and_deploy	Run Tests	2026-03-23T22:38:33.5470563Z Resolving dependencies...
build_and_deploy	Run Tests	2026-03-23T22:38:33.7177266Z Downloading packages...
build_and_deploy	Run Tests	2026-03-23T22:38:33.8036298Z   _fe_analyzer_shared 92.0.0 (98.0.0 available)
build_and_deploy	Run Tests	2026-03-23T22:38:33.8036879Z   analyzer 9.0.0 (12.0.0 available)
build_and_deploy	Run Tests	2026-03-23T22:38:33.8037302Z   analyzer_buffer 0.3.0 (0.3.1 available)
build_and_deploy	Run Tests	2026-03-23T22:38:33.8037646Z   app_links 6.4.1 (7.0.0 available)
build_and_deploy	Run Tests	2026-03-23T22:38:33.8038047Z   build 4.0.4 (4.0.5 available)
build_and_deploy	Run Tests	2026-03-23T22:38:33.8038338Z   build_runner 2.13.0 (2.13.1 available)
build_and_deploy	Run Tests	2026-03-23T22:38:33.8038663Z   dart_jsonwebtoken 3.3.2 (3.4.0 available)
build_and_deploy	Run Tests	2026-03-23T22:38:33.8038986Z   dart_style 3.1.3 (3.1.8 available)
build_and_deploy	Run Tests	2026-03-23T22:38:33.8039545Z   flutter_lints 3.0.2 (6.0.0 available)
build_and_deploy	Run Tests	2026-03-23T22:38:33.8039854Z   google_fonts 6.3.3 (8.0.2 available)
build_and_deploy	Run Tests	2026-03-23T22:38:33.8040152Z   lints 3.0.0 (6.1.0 available)
build_and_deploy	Run Tests	2026-03-23T22:38:33.8040425Z   meta 1.17.0 (1.18.2 available)
build_and_deploy	Run Tests	2026-03-23T22:38:33.8040708Z   source_gen 4.2.1 (4.2.2 available)
build_and_deploy	Run Tests	2026-03-23T22:38:33.8060629Z   test 1.30.0 (1.31.0 available)
build_and_deploy	Run Tests	2026-03-23T22:38:33.8061102Z   test_api 0.7.10 (0.7.11 available)
build_and_deploy	Run Tests	2026-03-23T22:38:33.8061540Z   test_core 0.6.16 (0.6.17 available)
build_and_deploy	Run Tests	2026-03-23T22:38:33.8061964Z   vector_math 2.2.0 (2.3.0 available)
build_and_deploy	Run Tests	2026-03-23T22:38:33.8062345Z Got dependencies!
build_and_deploy	Run Tests	2026-03-23T22:38:33.8062850Z 17 packages have newer versions incompatible with dependency constraints.
build_and_deploy	Run Tests	2026-03-23T22:38:33.8063491Z Try `flutter pub outdated` for more information.
build_and_deploy	Run Tests	2026-03-23T22:38:36.3527654Z 
build_and_deploy	Run Tests	2026-03-23T22:38:46.6847235Z Γ£à /home/runner/work/sports-app/sports-app/test/widgets/empty_state_test.dart: EmptyState Widget renders correct message and icon
build_and_deploy	Run Tests	2026-03-23T22:38:46.7359229Z Γ£à /home/runner/work/sports-app/sports-app/test/store_front_screen_test.dart: StoreFrontScreen compiles and displays packages and balance
build_and_deploy	Run Tests	2026-03-23T22:38:48.3121351Z Γ£à /home/runner/work/sports-app/sports-app/test/widgets/league_group_test.dart: LeagueGroup Widget renders league header and match count
build_and_deploy	Run Tests	2026-03-23T22:38:48.4502980Z Γ£à /home/runner/work/sports-app/sports-app/test/widgets/league_group_test.dart: LeagueGroup Widget calls onToggle when header is tapped
build_and_deploy	Run Tests	2026-03-23T22:38:48.4961939Z Γ£à /home/runner/work/sports-app/sports-app/test/widgets/filter_row_test.dart: FilterRow Widget renders compact filter controls
build_and_deploy	Run Tests	2026-03-23T22:38:48.6080515Z Γ£à /home/runner/work/sports-app/sports-app/test/widgets/league_group_test.dart: LeagueGroup Widget renders MatchCards when expanded
build_and_deploy	Run Tests	2026-03-23T22:38:48.6518222Z Γ£à /home/runner/work/sports-app/sports-app/test/widgets/filter_row_test.dart: FilterRow Widget updates global provider state on click
build_and_deploy	Run Tests	2026-03-23T22:38:49.5853563Z Γ£à /home/runner/work/sports-app/sports-app/test/logic/dashboard_logic_test.dart: Match filtering "All" returns everything
build_and_deploy	Run Tests	2026-03-23T22:38:49.5883438Z Γ£à /home/runner/work/sports-app/sports-app/test/logic/dashboard_logic_test.dart: Match filtering "Live" returns only live matches
build_and_deploy	Run Tests	2026-03-23T22:38:49.5913229Z Γ£à /home/runner/work/sports-app/sports-app/test/logic/dashboard_logic_test.dart: Match filtering "Starred" returns only favorites
build_and_deploy	Run Tests	2026-03-23T22:38:49.5940924Z Γ£à /home/runner/work/sports-app/sports-app/test/logic/dashboard_logic_test.dart: Match filtering "Finished" returns only finished matches
build_and_deploy	Run Tests	2026-03-23T22:38:49.5970064Z Γ£à /home/runner/work/sports-app/sports-app/test/logic/dashboard_logic_test.dart: Match filtering empty list returns empty for all filters
build_and_deploy	Run Tests	2026-03-23T22:38:49.5996966Z Γ£à /home/runner/work/sports-app/sports-app/test/logic/dashboard_logic_test.dart: Match filtering "All" and "Finished" respect selectedDate filter
build_and_deploy	Run Tests	2026-03-23T22:38:49.6017199Z Γ£à /home/runner/work/sports-app/sports-app/test/logic/dashboard_logic_test.dart: Match filtering "Live" and "Starred" ignore selectedDate filter
build_and_deploy	Run Tests	2026-03-23T22:38:49.6042752Z Γ£à /home/runner/work/sports-app/sports-app/test/logic/dashboard_logic_test.dart: League grouping matches are grouped by leagueId
build_and_deploy	Run Tests	2026-03-23T22:38:49.6063272Z Γ£à /home/runner/work/sports-app/sports-app/test/logic/dashboard_logic_test.dart: League grouping featured matches are excluded from league groups
build_and_deploy	Run Tests	2026-03-23T22:38:49.6085487Z Γ£à /home/runner/work/sports-app/sports-app/test/logic/dashboard_logic_test.dart: Dynamic league creation unknown leagueId creates dynamic League with match metadata
build_and_deploy	Run Tests	2026-03-23T22:38:49.6105921Z Γ£à /home/runner/work/sports-app/sports-app/test/logic/dashboard_logic_test.dart: Dynamic league creation unknown leagueId with null leagueName falls back to ID string
build_and_deploy	Run Tests	2026-03-23T22:38:49.6132150Z Γ£à /home/runner/work/sports-app/sports-app/test/logic/dashboard_logic_test.dart: Match sorting (priority order) Live > Upcoming > Finished
build_and_deploy	Run Tests	2026-03-23T22:38:49.6155582Z Γ£à /home/runner/work/sports-app/sports-app/test/logic/dashboard_logic_test.dart: Match sorting (priority order) same-status matches sort by startTime
build_and_deploy	Run Tests	2026-03-23T22:38:50.2147437Z Γ£à /home/runner/work/sports-app/sports-app/test/widgets/match_card_test.dart: MatchCard Widget renders live match correctly
build_and_deploy	Run Tests	2026-03-23T22:38:50.3265698Z Γ£à /home/runner/work/sports-app/sports-app/test/widgets/match_card_test.dart: MatchCard Widget renders finished match correctly
build_and_deploy	Run Tests	2026-03-23T22:38:50.3918726Z Γ£à /home/runner/work/sports-app/sports-app/test/widgets/match_card_test.dart: MatchCard Widget renders upcoming match correctly with time and VS tag
build_and_deploy	Run Tests	2026-03-23T22:38:51.0268000Z Γ£à /home/runner/work/sports-app/sports-app/test/data/supabase_match_provider_test.dart: Supabase JSON -> Match mapping maps live match correctly
build_and_deploy	Run Tests	2026-03-23T22:38:51.0291702Z Γ£à /home/runner/work/sports-app/sports-app/test/data/supabase_match_provider_test.dart: Supabase JSON -> Match mapping maps finished match correctly
build_and_deploy	Run Tests	2026-03-23T22:38:51.0314149Z Γ£à /home/runner/work/sports-app/sports-app/test/data/supabase_match_provider_test.dart: Supabase JSON -> Match mapping maps pre_match as upcoming
build_and_deploy	Run Tests	2026-03-23T22:38:51.0340523Z Γ£à /home/runner/work/sports-app/sports-app/test/data/supabase_match_provider_test.dart: Supabase JSON -> Match mapping unknown status defaults to upcoming
build_and_deploy	Run Tests	2026-03-23T22:38:51.0365449Z Γ£à /home/runner/work/sports-app/sports-app/test/data/supabase_match_provider_test.dart: Supabase JSON -> Match mapping null league_id defaults to premier_league
build_and_deploy	Run Tests	2026-03-23T22:38:51.0392703Z Γ£à /home/runner/work/sports-app/sports-app/test/data/supabase_match_provider_test.dart: Supabase JSON -> Match mapping null logo URLs get fallback values
build_and_deploy	Run Tests	2026-03-23T22:38:51.0424401Z Γ£à /home/runner/work/sports-app/sports-app/test/data/supabase_match_provider_test.dart: Supabase JSON -> Match mapping null league_name stays null
build_and_deploy	Run Tests	2026-03-23T22:38:51.0447165Z Γ£à /home/runner/work/sports-app/sports-app/test/data/supabase_match_provider_test.dart: Supabase JSON -> Match mapping scores are converted to strings
build_and_deploy	Run Tests	2026-03-23T22:38:51.7494058Z Γ£à /home/runner/work/sports-app/sports-app/test/k_coin_model_test.dart: KCoinPackage deserializes correctly from JSON
build_and_deploy	Run Tests	2026-03-23T22:38:53.1565947Z ##[group]Γ¥î /home/runner/work/sports-app/sports-app/test/integration/home_dashboard_test.dart: HomeDashboard Integration Tests Dashboard renders live matches and filters correctly (failed)
build_and_deploy	Run Tests	2026-03-23T22:38:53.1568148Z ΓòÉΓòÉΓòí EXCEPTION CAUGHT BY RENDERING LIBRARY Γò₧ΓòÉΓòÉΓòÉΓòÉΓòÉΓòÉΓòÉΓòÉΓòÉΓòÉΓòÉΓòÉΓòÉΓòÉΓòÉΓòÉΓòÉΓòÉΓòÉΓòÉΓòÉΓòÉΓòÉΓòÉΓòÉΓòÉΓòÉΓòÉΓòÉΓòÉΓòÉΓòÉΓòÉΓòÉΓòÉΓòÉΓòÉΓòÉΓòÉΓòÉΓòÉΓòÉΓòÉΓòÉΓòÉΓòÉΓòÉΓòÉΓòÉΓòÉΓòÉΓòÉΓòÉΓòÉΓòÉΓòÉΓòÉ
build_and_deploy	Run Tests	2026-03-23T22:38:53.1573295Z The following assertion was thrown during layout:
build_and_deploy	Run Tests	2026-03-23T22:38:53.1576151Z A RenderFlex overflowed by 13 pixels on the bottom.
build_and_deploy	Run Tests	2026-03-23T22:38:53.1576572Z 
build_and_deploy	Run Tests	2026-03-23T22:38:53.1576752Z The relevant error-causing widget was:
build_and_deploy	Run Tests	2026-03-23T22:38:53.1577597Z   Column Column:file:///home/runner/work/sports-app/sports-app/lib/screens/home_dashboard.dart:634:22
build_and_deploy	Run Tests	2026-03-23T22:38:53.1578274Z 
build_and_deploy	Run Tests	2026-03-23T22:38:53.1578558Z The overflowing RenderFlex has an orientation of Axis.vertical.
build_and_deploy	Run Tests	2026-03-23T22:38:53.1579500Z The edge of the RenderFlex that is overflowing has been marked in the rendering with a yellow and
build_and_deploy	Run Tests	2026-03-23T22:38:53.1581160Z black striped pattern. This is usually caused by the contents being too big for the RenderFlex.
build_and_deploy	Run Tests	2026-03-23T22:38:53.1582272Z Consider applying a flex factor (e.g. using an Expanded widget) to force the children of the
build_and_deploy	Run Tests	2026-03-23T22:38:53.1605236Z RenderFlex to fit within the available space instead of being sized to their natural size.
build_and_deploy	Run Tests	2026-03-23T22:38:53.1606349Z This is considered an error condition because it indicates that there is content that cannot be
build_and_deploy	Run Tests	2026-03-23T22:38:53.1607362Z seen. If the content is legitimately bigger than the available space, consider clipping it with a
build_and_deploy	Run Tests	2026-03-23T22:38:53.1608464Z ClipRect widget before putting it in the flex, or using a scrollable container rather than a Flex,
build_and_deploy	Run Tests	2026-03-23T22:38:53.1609258Z like a ListView.
build_and_deploy	Run Tests	2026-03-23T22:38:53.1609776Z The specific RenderFlex in question is: RenderFlex#1d268 OVERFLOWING:
build_and_deploy	Run Tests	2026-03-23T22:38:53.1610939Z   creator: Column ΓåÉ ColoredBox ΓåÉ Container ΓåÉ BackdropFilter ΓåÉ ClipRect ΓåÉ SizedBox.expand ΓåÉ
build_and_deploy	Run Tests	2026-03-23T22:38:53.1612519Z     _SliverPinnedPersistentHeader ΓåÉ SliverPersistentHeader ΓåÉ NestedScrollViewViewport ΓåÉ
build_and_deploy	Run Tests	2026-03-23T22:38:53.1613598Z     IgnorePointer-[GlobalKey#789fa] ΓåÉ Semantics ΓåÉ Listener ΓåÉ Γï»
build_and_deploy	Run Tests	2026-03-23T22:38:53.1619742Z   parentData: <none> (can use size)
build_and_deploy	Run Tests	2026-03-23T22:38:53.1620226Z   constraints: BoxConstraints(w=596.0, h=60.0)
build_and_deploy	Run Tests	2026-03-23T22:38:53.1620700Z   size: Size(596.0, 60.0)
build_and_deploy	Run Tests	2026-03-23T22:38:53.1621070Z   direction: vertical
build_and_deploy	Run Tests	2026-03-23T22:38:53.1621431Z   mainAxisAlignment: start
build_and_deploy	Run Tests	2026-03-23T22:38:53.1621817Z   mainAxisSize: min
build_and_deploy	Run Tests	2026-03-23T22:38:53.1622202Z   crossAxisAlignment: center
build_and_deploy	Run Tests	2026-03-23T22:38:53.1622630Z   verticalDirection: down
build_and_deploy	Run Tests	2026-03-23T22:38:53.1623027Z   spacing: 0.0
build_and_deploy	Run Tests	2026-03-23T22:38:53.1624167Z ΓùóΓùñΓùóΓùñΓùóΓùñΓùóΓùñΓùóΓùñΓùóΓùñΓùóΓùñΓùóΓùñΓùóΓùñΓùóΓùñΓùóΓùñΓùóΓùñΓùóΓùñΓùóΓùñΓùóΓùñΓùóΓùñΓùóΓùñΓùóΓùñΓùóΓùñΓùóΓùñΓùóΓùñΓùóΓùñΓùóΓùñΓùóΓùñΓùóΓùñΓùóΓùñΓùóΓùñΓùóΓùñΓùóΓùñΓùóΓùñΓùóΓùñΓùóΓùñΓùóΓùñΓùóΓùñΓùóΓùñΓùóΓùñΓùóΓùñΓùóΓùñΓùóΓùñΓùóΓùñΓùóΓùñΓùóΓùñΓùóΓùñΓùóΓùñΓùóΓùñΓùóΓùñΓùóΓùñΓùóΓùñΓùóΓùñΓùóΓùñ
build_and_deploy	Run Tests	2026-03-23T22:38:53.1625360Z ΓòÉΓòÉΓòÉΓòÉΓòÉΓòÉΓòÉΓòÉΓòÉΓòÉΓòÉΓòÉΓòÉΓòÉΓòÉΓòÉΓòÉΓòÉΓòÉΓòÉΓòÉΓòÉΓòÉΓòÉΓòÉΓòÉΓòÉΓòÉΓòÉΓòÉΓòÉΓòÉΓòÉΓòÉΓòÉΓòÉΓòÉΓòÉΓòÉΓòÉΓòÉΓòÉΓòÉΓòÉΓòÉΓòÉΓòÉΓòÉΓòÉΓòÉΓòÉΓòÉΓòÉΓòÉΓòÉΓòÉΓòÉΓòÉΓòÉΓòÉΓòÉΓòÉΓòÉΓòÉΓòÉΓòÉΓòÉΓòÉΓòÉΓòÉΓòÉΓòÉΓòÉΓòÉΓòÉΓòÉΓòÉΓòÉΓòÉΓòÉΓòÉΓòÉΓòÉΓòÉΓòÉΓòÉΓòÉΓòÉΓòÉΓòÉΓòÉΓòÉΓòÉΓòÉΓòÉΓòÉΓòÉΓòÉΓòÉΓòÉ
build_and_deploy	Run Tests	2026-03-23T22:38:53.1627243Z ΓòÉΓòÉΓòí EXCEPTION CAUGHT BY FLUTTER TEST FRAMEWORK Γò₧ΓòÉΓòÉΓòÉΓòÉΓòÉΓòÉΓòÉΓòÉΓòÉΓòÉΓòÉΓòÉΓòÉΓòÉΓòÉΓòÉΓòÉΓòÉΓòÉΓòÉΓòÉΓòÉΓòÉΓòÉΓòÉΓòÉΓòÉΓòÉΓòÉΓòÉΓòÉΓòÉΓòÉΓòÉΓòÉΓòÉΓòÉΓòÉΓòÉΓòÉΓòÉΓòÉΓòÉΓòÉΓòÉΓòÉΓòÉΓòÉΓòÉΓòÉΓòÉΓòÉ
build_and_deploy	Run Tests	2026-03-23T22:38:53.1628124Z The following assertion was thrown running a test:
build_and_deploy	Run Tests	2026-03-23T22:38:53.1628887Z You must initialize the supabase instance before calling Supabase.instance
build_and_deploy	Run Tests	2026-03-23T22:38:53.1629637Z 'package:supabase_flutter/src/supabase.dart':
build_and_deploy	Run Tests	2026-03-23T22:38:53.1630303Z Failed assertion: line 45 pos 7: '_instance._isInitialized'
build_and_deploy	Run Tests	2026-03-23T22:38:53.1630762Z 
build_and_deploy	Run Tests	2026-03-23T22:38:53.1630990Z When the exception was thrown, this was the stack:
build_and_deploy	Run Tests	2026-03-23T22:38:53.1631749Z #2      Supabase.instance (package:supabase_flutter/src/supabase.dart:45:7)
build_and_deploy	Run Tests	2026-03-23T22:38:53.1632782Z #3      SupabaseService.client (package:sports_app/services/supabase_service.dart:15:48)
build_and_deploy	Run Tests	2026-03-23T22:38:53.1634170Z #4      SupabaseService.getCurrentUser (package:sports_app/services/supabase_service.dart:89:12)
build_and_deploy	Run Tests	2026-03-23T22:38:53.1635740Z #5      KnowledgeGraphNotifier._init (package:sports_app/providers/knowledge_graph_provider.dart:46:36)
build_and_deploy	Run Tests	2026-03-23T22:38:53.1637635Z #6      KnowledgeGraphNotifier.build (package:sports_app/providers/knowledge_graph_provider.dart:39:5)
build_and_deploy	Run Tests	2026-03-23T22:38:53.1638944Z #7      $NotifierProviderElement.handleCreate (package:riverpod/src/providers/notifier.dart:93:32)
build_and_deploy	Run Tests	2026-03-23T22:38:53.1643438Z #8      Notifier.runBuild (package:riverpod/src/providers/notifier/orphan.dart:70:22)
build_and_deploy	Run Tests	2026-03-23T22:38:53.1645319Z #9      $ClassProviderElement.create (package:riverpod/src/core/provider/notifier_provider.dart:560:28)
build_and_deploy	Run Tests	2026-03-23T22:38:53.1646522Z #10     ProviderElement.buildState (package:riverpod/src/core/element.dart:684:28)
build_and_deploy	Run Tests	2026-03-23T22:38:53.1647500Z #11     ProviderElement.mount (package:riverpod/src/core/element.dart:537:7)
build_and_deploy	Run Tests	2026-03-23T22:38:53.1649026Z #12     ProviderElement.flush (package:riverpod/src/core/element.dart:640:7)
build_and_deploy	Run Tests	2026-03-23T22:38:53.1650097Z #13     $ProviderBaseImpl._addListener (package:riverpod/src/core/provider/provider.dart:119:24)
build_and_deploy	Run Tests	2026-03-23T22:38:53.1651499Z #14     ProviderElement.listen (package:riverpod/src/core/element.dart:923:28)
build_and_deploy	Run Tests	2026-03-23T22:38:53.1652335Z #15     Ref.watch (package:riverpod/src/core/ref.dart:655:20)
build_and_deploy	Run Tests	2026-03-23T22:38:53.1653653Z #16     personalizedMatchesProvider.<anonymous closure> (package:sports_app/providers/knowledge_graph_provider.dart:118:23)
build_and_deploy	Run Tests	2026-03-23T22:38:53.1657132Z #17     Provider.create (package:riverpod/src/providers/provider.dart:59:36)
build_and_deploy	Run Tests	2026-03-23T22:38:53.1657991Z #18     $ProviderElement.create (package:riverpod/src/providers/provider.dart:343:32)
build_and_deploy	Run Tests	2026-03-23T22:38:53.1664373Z #19     ProviderElement.buildState (package:riverpod/src/core/element.dart:684:28)
build_and_deploy	Run Tests	2026-03-23T22:38:53.1665427Z #20     ProviderElement.mount (package:riverpod/src/core/element.dart:537:7)
build_and_deploy	Run Tests	2026-03-23T22:38:53.1666389Z #21     ProviderElement.flush (package:riverpod/src/core/element.dart:640:7)
build_and_deploy	Run Tests	2026-03-23T22:38:53.1667806Z #22     $ProviderBaseImpl._addListener (package:riverpod/src/core/provider/provider.dart:119:24)
build_and_deploy	Run Tests	2026-03-23T22:38:53.1669073Z #23     ProviderContainer.listen (package:riverpod/src/core/provider_container.dart:960:26)
build_and_deploy	Run Tests	2026-03-23T22:38:53.1671305Z #24     ConsumerStatefulElement.watch.<anonymous closure> (package:flutter_riverpod/src/core/consumer.dart:475:37)
build_and_deploy	Run Tests	2026-03-23T22:38:53.1672250Z #25     _LinkedHashMapMixin.putIfAbsent (dart:_compact_hash:675:23)
build_and_deploy	Run Tests	2026-03-23T22:38:53.1673141Z #26     ConsumerStatefulElement.watch (package:flutter_riverpod/src/core/consumer.dart:468:14)
build_and_deploy	Run Tests	2026-03-23T22:38:53.1674356Z #27     _HomeDashboardState._buildPersonalizedFeed (package:sports_app/screens/home_dashboard.dart:398:34)
build_and_deploy	Run Tests	2026-03-23T22:38:53.1675328Z #28     _HomeDashboardState.build (package:sports_app/screens/home_dashboard.dart:382:23)
build_and_deploy	Run Tests	2026-03-23T22:38:53.1676157Z #29     StatefulElement.build (package:flutter/src/widgets/framework.dart:5931:27)
build_and_deploy	Run Tests	2026-03-23T22:38:53.1677025Z #30     ConsumerStatefulElement.build (package:flutter_riverpod/src/core/consumer.dart:445:20)
build_and_deploy	Run Tests	2026-03-23T22:38:53.1678400Z #31     ComponentElement.performRebuild (package:flutter/src/widgets/framework.dart:5817:15)
build_and_deploy	Run Tests	2026-03-23T22:38:53.1679467Z #32     StatefulElement.performRebuild (package:flutter/src/widgets/framework.dart:5982:11)
build_and_deploy	Run Tests	2026-03-23T22:38:53.1680346Z #33     Element.rebuild (package:flutter/src/widgets/framework.dart:5529:7)
build_and_deploy	Run Tests	2026-03-23T22:38:53.1681513Z #34     ComponentElement._firstBuild (package:flutter/src/widgets/framework.dart:5799:5)
build_and_deploy	Run Tests	2026-03-23T22:38:53.1682461Z #35     StatefulElement._firstBuild (package:flutter/src/widgets/framework.dart:5973:11)
build_and_deploy	Run Tests	2026-03-23T22:38:53.1683341Z #36     ComponentElement.mount (package:flutter/src/widgets/framework.dart:5793:5)
build_and_deploy	Run Tests	2026-03-23T22:38:53.1684175Z ...     Normal element mounting (260 frames)
build_and_deploy	Run Tests	2026-03-23T22:38:53.1684821Z #296    Element.inflateWidget (package:flutter/src/widgets/framework.dart:4587:20)
build_and_deploy	Run Tests	2026-03-23T22:38:53.1685869Z #297    MultiChildRenderObjectElement.inflateWidget (package:flutter/src/widgets/framework.dart:7264:36)
build_and_deploy	Run Tests	2026-03-23T22:38:53.1687020Z #298    MultiChildRenderObjectElement.mount (package:flutter/src/widgets/framework.dart:7279:32)
build_and_deploy	Run Tests	2026-03-23T22:38:53.1687882Z ...     Normal element mounting (489 frames)
build_and_deploy	Run Tests	2026-03-23T22:38:53.1688958Z #787    Element.inflateWidget (package:flutter/src/widgets/framework.dart:4587:20)
build_and_deploy	Run Tests	2026-03-23T22:38:53.1689876Z #788    Element.updateChild (package:flutter/src/widgets/framework.dart:4053:20)
build_and_deploy	Run Tests	2026-03-23T22:38:53.1690869Z #789    ComponentElement.performRebuild (package:flutter/src/widgets/framework.dart:5841:16)
build_and_deploy	Run Tests	2026-03-23T22:38:53.1692280Z #790    Element.rebuild (package:flutter/src/widgets/framework.dart:5529:7)
build_and_deploy	Run Tests	2026-03-23T22:38:53.1693660Z #791    ProxyElement.update (package:flutter/src/widgets/framework.dart:6149:5)
build_and_deploy	Run Tests	2026-03-23T22:38:53.1695108Z #792    _InheritedNotifierElement.update (package:flutter/src/widgets/inherited_notifier.dart:108:11)
build_and_deploy	Run Tests	2026-03-23T22:38:53.1696263Z #793    Element.updateChild (package:flutter/src/widgets/framework.dart:4037:15)
build_and_deploy	Run Tests	2026-03-23T22:38:53.1697671Z #794    ComponentElement.performRebuild (package:flutter/src/widgets/framework.dart:5841:16)
build_and_deploy	Run Tests	2026-03-23T22:38:53.1699434Z #795    StatefulElement.performRebuild (package:flutter/src/widgets/framework.dart:5982:11)
build_and_deploy	Run Tests	2026-03-23T22:38:53.1700350Z #796    Element.rebuild (package:flutter/src/widgets/framework.dart:5529:7)
build_and_deploy	Run Tests	2026-03-23T22:38:53.1701193Z #797    StatefulElement.update (package:flutter/src/widgets/framework.dart:6007:5)
build_and_deploy	Run Tests	2026-03-23T22:38:53.1702050Z #798    Element.updateChild (package:flutter/src/widgets/framework.dart:4037:15)
build_and_deploy	Run Tests	2026-03-23T22:38:53.1703379Z #799    ComponentElement.performRebuild (package:flutter/src/widgets/framework.dart:5841:16)
build_and_deploy	Run Tests	2026-03-23T22:38:53.1704454Z #800    Element.rebuild (package:flutter/src/widgets/framework.dart:5529:7)
build_and_deploy	Run Tests	2026-03-23T22:38:53.1705257Z #801    ProxyElement.update (package:flutter/src/widgets/framework.dart:6149:5)
build_and_deploy	Run Tests	2026-03-23T22:38:53.1706274Z #802    _InheritedNotifierElement.update (package:flutter/src/widgets/inherited_notifier.dart:108:11)
build_and_deploy	Run Tests	2026-03-23T22:38:53.1707177Z #803    Element.updateChild (package:flutter/src/widgets/framework.dart:4037:15)
build_and_deploy	Run Tests	2026-03-23T22:38:53.1708289Z #804    ComponentElement.performRebuild (package:flutter/src/widgets/framework.dart:5841:16)
build_and_deploy	Run Tests	2026-03-23T22:38:53.1709139Z #805    StatefulElement.performRebuild (package:flutter/src/widgets/framework.dart:5982:11)
build_and_deploy	Run Tests	2026-03-23T22:38:53.1710225Z #806    Element.rebuild (package:flutter/src/widgets/framework.dart:5529:7)
build_and_deploy	Run Tests	2026-03-23T22:38:53.1710888Z #807    StatefulElement.update (package:flutter/src/widgets/framework.dart:6007:5)
build_and_deploy	Run Tests	2026-03-23T22:38:53.1711695Z #808    Element.updateChild (package:flutter/src/widgets/framework.dart:4037:15)
build_and_deploy	Run Tests	2026-03-23T22:38:53.1712501Z #809    ComponentElement.performRebuild (package:flutter/src/widgets/framework.dart:5841:16)
build_and_deploy	Run Tests	2026-03-23T22:38:53.1713680Z #810    StatefulElement.performRebuild (package:flutter/src/widgets/framework.dart:5982:11)
build_and_deploy	Run Tests	2026-03-23T22:38:53.1714668Z #811    Element.rebuild (package:flutter/src/widgets/framework.dart:5529:7)
build_and_deploy	Run Tests	2026-03-23T22:38:53.1715603Z #812    StatefulElement.update (package:flutter/src/widgets/framework.dart:6007:5)
build_and_deploy	Run Tests	2026-03-23T22:38:53.1716585Z #813    Element.updateChild (package:flutter/src/widgets/framework.dart:4037:15)
build_and_deploy	Run Tests	2026-03-23T22:38:53.1717647Z #814    ComponentElement.performRebuild (package:flutter/src/widgets/framework.dart:5841:16)
build_and_deploy	Run Tests	2026-03-23T22:38:53.1718649Z #815    Element.rebuild (package:flutter/src/widgets/framework.dart:5529:7)
build_and_deploy	Run Tests	2026-03-23T22:38:53.1719441Z #816    ProxyElement.update (package:flutter/src/widgets/framework.dart:6149:5)
build_and_deploy	Run Tests	2026-03-23T22:38:53.1720060Z #817    Element.updateChild (package:flutter/src/widgets/framework.dart:4037:15)
build_and_deploy	Run Tests	2026-03-23T22:38:53.1721122Z #818    ComponentElement.performRebuild (package:flutter/src/widgets/framework.dart:5841:16)
build_and_deploy	Run Tests	2026-03-23T22:38:53.1722264Z #819    StatefulElement.performRebuild (package:flutter/src/widgets/framework.dart:5982:11)
build_and_deploy	Run Tests	2026-03-23T22:38:53.1723257Z #820    Element.rebuild (package:flutter/src/widgets/framework.dart:5529:7)
build_and_deploy	Run Tests	2026-03-23T22:38:53.1724491Z #821    StatefulElement.update (package:flutter/src/widgets/framework.dart:6007:5)
build_and_deploy	Run Tests	2026-03-23T22:38:53.1725482Z #822    Element.updateChild (package:flutter/src/widgets/framework.dart:4037:15)
build_and_deploy	Run Tests	2026-03-23T22:38:53.1726520Z #823    ComponentElement.performRebuild (package:flutter/src/widgets/framework.dart:5841:16)
build_and_deploy	Run Tests	2026-03-23T22:38:53.1727512Z #824    Element.rebuild (package:flutter/src/widgets/framework.dart:5529:7)
build_and_deploy	Run Tests	2026-03-23T22:38:53.1728407Z #825    ProxyElement.update (package:flutter/src/widgets/framework.dart:6149:5)
build_and_deploy	Run Tests	2026-03-23T22:38:53.1729354Z #826    Element.updateChild (package:flutter/src/widgets/framework.dart:4037:15)
build_and_deploy	Run Tests	2026-03-23T22:38:53.1730403Z #827    ComponentElement.performRebuild (package:flutter/src/widgets/framework.dart:5841:16)
build_and_deploy	Run Tests	2026-03-23T22:38:53.1731433Z #828    Element.rebuild (package:flutter/src/widgets/framework.dart:5529:7)
build_and_deploy	Run Tests	2026-03-23T22:38:53.1732363Z #829    ProxyElement.update (package:flutter/src/widgets/framework.dart:6149:5)
build_and_deploy	Run Tests	2026-03-23T22:38:53.1733342Z #830    Element.updateChild (package:flutter/src/widgets/framework.dart:4037:15)
build_and_deploy	Run Tests	2026-03-23T22:38:53.1734819Z #831    _RawViewElement._updateChild (package:flutter/src/widgets/view.dart:481:16)
build_and_deploy	Run Tests	2026-03-23T22:38:53.1735802Z #832    _RawViewElement.update (package:flutter/src/widgets/view.dart:568:5)
build_and_deploy	Run Tests	2026-03-23T22:38:53.1736752Z #833    Element.updateChild (package:flutter/src/widgets/framework.dart:4037:15)
build_and_deploy	Run Tests	2026-03-23T22:38:53.1737822Z #834    ComponentElement.performRebuild (package:flutter/src/widgets/framework.dart:5841:16)
build_and_deploy	Run Tests	2026-03-23T22:38:53.1738872Z #835    Element.rebuild (package:flutter/src/widgets/framework.dart:5529:7)
build_and_deploy	Run Tests	2026-03-23T22:38:53.1739820Z #836    StatelessElement.update (package:flutter/src/widgets/framework.dart:5895:5)
build_and_deploy	Run Tests	2026-03-23T22:38:53.1740788Z #837    Element.updateChild (package:flutter/src/widgets/framework.dart:4037:15)
build_and_deploy	Run Tests	2026-03-23T22:38:53.1741829Z #838    ComponentElement.performRebuild (package:flutter/src/widgets/framework.dart:5841:16)
build_and_deploy	Run Tests	2026-03-23T22:38:53.1742979Z #839    StatefulElement.performRebuild (package:flutter/src/widgets/framework.dart:5982:11)
build_and_deploy	Run Tests	2026-03-23T22:38:53.1744486Z #840    Element.rebuild (package:flutter/src/widgets/framework.dart:5529:7)
build_and_deploy	Run Tests	2026-03-23T22:38:53.1745449Z #841    StatefulElement.update (package:flutter/src/widgets/framework.dart:6007:5)
build_and_deploy	Run Tests	2026-03-23T22:38:53.1746424Z #842    Element.updateChild (package:flutter/src/widgets/framework.dart:4037:15)
build_and_deploy	Run Tests	2026-03-23T22:38:53.1747349Z #843    RootElement._rebuild (package:flutter/src/widgets/binding.dart:1822:16)
build_and_deploy	Run Tests	2026-03-23T22:38:53.1748259Z #844    RootElement.update (package:flutter/src/widgets/binding.dart:1800:5)
build_and_deploy	Run Tests	2026-03-23T22:38:53.1749209Z #845    RootElement.performRebuild (package:flutter/src/widgets/binding.dart:1814:7)
build_and_deploy	Run Tests	2026-03-23T22:38:53.1750161Z #846    Element.rebuild (package:flutter/src/widgets/framework.dart:5529:7)
build_and_deploy	Run Tests	2026-03-23T22:38:53.1751092Z #847    BuildScope._tryRebuild (package:flutter/src/widgets/framework.dart:2750:15)
build_and_deploy	Run Tests	2026-03-23T22:38:53.1752147Z #848    BuildScope._flushDirtyElements (package:flutter/src/widgets/framework.dart:2807:11)
build_and_deploy	Run Tests	2026-03-23T22:38:53.1753227Z #849    BuildOwner.buildScope (package:flutter/src/widgets/framework.dart:3111:18)
build_and_deploy	Run Tests	2026-03-23T22:38:53.1754750Z #850    AutomatedTestWidgetsFlutterBinding.drawFrame (package:flutter_test/src/binding.dart:2131:19)
build_and_deploy	Run Tests	2026-03-23T22:38:53.1756156Z #851    RendererBinding._handlePersistentFrameCallback (package:flutter/src/rendering/binding.dart:495:5)
build_and_deploy	Run Tests	2026-03-23T22:38:53.1757513Z #852    SchedulerBinding._invokeFrameCallback (package:flutter/src/scheduler/binding.dart:1430:15)
build_and_deploy	Run Tests	2026-03-23T22:38:53.1758748Z #853    SchedulerBinding.handleDrawFrame (package:flutter/src/scheduler/binding.dart:1345:9)
build_and_deploy	Run Tests	2026-03-23T22:38:53.1760146Z #854    AutomatedTestWidgetsFlutterBinding.pump.<anonymous closure> (package:flutter_test/src/binding.dart:1960:9)
build_and_deploy	Run Tests	2026-03-23T22:38:53.1761391Z #857    TestAsyncUtils.guard (package:flutter_test/src/test_async_utils.dart:74:41)
build_and_deploy	Run Tests	2026-03-23T22:38:53.1762502Z #858    AutomatedTestWidgetsFlutterBinding.pump (package:flutter_test/src/binding.dart:1949:27)
build_and_deploy	Run Tests	2026-03-23T22:38:53.1763767Z #859    WidgetTester.pumpWidget.<anonymous closure> (package:flutter_test/src/widget_tester.dart:598:22)
build_and_deploy	Run Tests	2026-03-23T22:38:53.1764929Z #862    TestAsyncUtils.guard (package:flutter_test/src/test_async_utils.dart:74:41)
build_and_deploy	Run Tests	2026-03-23T22:38:53.1765814Z #863    WidgetTester.pumpWidget (package:flutter_test/src/widget_tester.dart:595:27)
build_and_deploy	Run Tests	2026-03-23T22:38:53.1767251Z #864    main.<anonymous closure>.<anonymous closure>.<anonymous closure> (file:///home/runner/work/sports-app/sports-app/test/integration/home_dashboard_test.dart:65:22)
build_and_deploy	Run Tests	2026-03-23T22:38:53.1768573Z #869    HttpOverrides.runZoned (dart:_http/overrides.dart:59:23)
build_and_deploy	Run Tests	2026-03-23T22:38:53.1769463Z #870    mockNetworkImagesFor (package:network_image_mock/src/network_image_mock.dart:9:24)
build_and_deploy	Run Tests	2026-03-23T22:38:53.1771578Z #871    main.<anonymous closure>.<anonymous closure> (file:///home/runner/work/sports-app/sports-app/test/integration/home_dashboard_test.dart:58:13)
build_and_deploy	Run Tests	2026-03-23T22:38:53.1773153Z #872    testWidgets.<anonymous closure>.<anonymous closure> (package:flutter_test/src/widget_tester.dart:192:29)
build_and_deploy	Run Tests	2026-03-23T22:38:53.1774740Z <asynchronous suspension>
build_and_deploy	Run Tests	2026-03-23T22:38:53.1775476Z #873    TestWidgetsFlutterBinding._runTestBody (package:flutter_test/src/binding.dart:1682:5)
build_and_deploy	Run Tests	2026-03-23T22:38:53.1776265Z <asynchronous suspension>
build_and_deploy	Run Tests	2026-03-23T22:38:53.1776645Z <asynchronous suspension>
build_and_deploy	Run Tests	2026-03-23T22:38:53.1777246Z (elided 11 frames from class _AssertionError, dart:async, and package:stack_trace)
build_and_deploy	Run Tests	2026-03-23T22:38:53.1777797Z 
build_and_deploy	Run Tests	2026-03-23T22:38:53.1777959Z The test description was:
build_and_deploy	Run Tests	2026-03-23T22:38:53.1778452Z   Dashboard renders live matches and filters correctly
build_and_deploy	Run Tests	2026-03-23T22:38:53.1779560Z ΓòÉΓòÉΓòÉΓòÉΓòÉΓòÉΓòÉΓòÉΓòÉΓòÉΓòÉΓòÉΓòÉΓòÉΓòÉΓòÉΓòÉΓòÉΓòÉΓòÉΓòÉΓòÉΓòÉΓòÉΓòÉΓòÉΓòÉΓòÉΓòÉΓòÉΓòÉΓòÉΓòÉΓòÉΓòÉΓòÉΓòÉΓòÉΓòÉΓòÉΓòÉΓòÉΓòÉΓòÉΓòÉΓòÉΓòÉΓòÉΓòÉΓòÉΓòÉΓòÉΓòÉΓòÉΓòÉΓòÉΓòÉΓòÉΓòÉΓòÉΓòÉΓòÉΓòÉΓòÉΓòÉΓòÉΓòÉΓòÉΓòÉΓòÉΓòÉΓòÉΓòÉΓòÉΓòÉΓòÉΓòÉΓòÉΓòÉΓòÉΓòÉΓòÉΓòÉΓòÉΓòÉΓòÉΓòÉΓòÉΓòÉΓòÉΓòÉΓòÉΓòÉΓòÉΓòÉΓòÉΓòÉΓòÉΓòÉΓòÉ
build_and_deploy	Run Tests	2026-03-23T22:38:53.1780772Z ΓòÉΓòÉΓòí EXCEPTION CAUGHT BY FLUTTER TEST FRAMEWORK Γò₧ΓòÉΓòÉΓòÉΓòÉΓòÉΓòÉΓòÉΓòÉΓòÉΓòÉΓòÉΓòÉΓòÉΓòÉΓòÉΓòÉΓòÉΓòÉΓòÉΓòÉΓòÉΓòÉΓòÉΓòÉΓòÉΓòÉΓòÉΓòÉΓòÉΓòÉΓòÉΓòÉΓòÉΓòÉΓòÉΓòÉΓòÉΓòÉΓòÉΓòÉΓòÉΓòÉΓòÉΓòÉΓòÉΓòÉΓòÉΓòÉΓòÉΓòÉΓòÉΓòÉ
build_and_deploy	Run Tests	2026-03-23T22:38:53.1781600Z The following message was thrown:
build_and_deploy	Run Tests	2026-03-23T22:38:53.1782409Z Multiple exceptions (2) were detected during the running of the current test, and at least one was
build_and_deploy	Run Tests	2026-03-23T22:38:53.1783719Z unexpected.
build_and_deploy	Run Tests	2026-03-23T22:38:53.1785271Z ΓòÉΓòÉΓòÉΓòÉΓòÉΓòÉΓòÉΓòÉΓòÉΓòÉΓòÉΓòÉΓòÉΓòÉΓòÉΓòÉΓòÉΓòÉΓòÉΓòÉΓòÉΓòÉΓòÉΓòÉΓòÉΓòÉΓòÉΓòÉΓòÉΓòÉΓòÉΓòÉΓòÉΓòÉΓòÉΓòÉΓòÉΓòÉΓòÉΓòÉΓòÉΓòÉΓòÉΓòÉΓòÉΓòÉΓòÉΓòÉΓòÉΓòÉΓòÉΓòÉΓòÉΓòÉΓòÉΓòÉΓòÉΓòÉΓòÉΓòÉΓòÉΓòÉΓòÉΓòÉΓòÉΓòÉΓòÉΓòÉΓòÉΓòÉΓòÉΓòÉΓòÉΓòÉΓòÉΓòÉΓòÉΓòÉΓòÉΓòÉΓòÉΓòÉΓòÉΓòÉΓòÉΓòÉΓòÉΓòÉΓòÉΓòÉΓòÉΓòÉΓòÉΓòÉΓòÉΓòÉΓòÉΓòÉΓòÉΓòÉ
build_and_deploy	Run Tests	2026-03-23T22:38:53.1785996Z Test failed. See exception logs above.
build_and_deploy	Run Tests	2026-03-23T22:38:53.1786692Z The test description was: Dashboard renders live matches and filters correctly
build_and_deploy	Run Tests	2026-03-23T22:38:53.1787236Z 
build_and_deploy	Run Tests	2026-03-23T22:38:53.1787723Z ##[endgroup]
build_and_deploy	Run Tests	2026-03-23T22:38:53.5535775Z Γ£à /home/runner/work/sports-app/sports-app/test/screens/splash_screen_test.dart: SplashScreen does not navigate during build and pushes login after first frame
build_and_deploy	Run Tests	2026-03-23T22:38:53.6157451Z Γ£à /home/runner/work/sports-app/sports-app/test/screens/splash_screen_test.dart: SplashScreen routes authenticated users to the main layout replacement target
build_and_deploy	Run Tests	2026-03-23T22:38:53.6932830Z ##[group]Γ¥î /home/runner/work/sports-app/sports-app/test/integration/home_dashboard_test.dart: HomeDashboard Integration Tests Dashboard displays empty state when no matches pass filter (failed)
build_and_deploy	Run Tests	2026-03-23T22:38:53.6936722Z ΓòÉΓòÉΓòí EXCEPTION CAUGHT BY RENDERING LIBRARY Γò₧ΓòÉΓòÉΓòÉΓòÉΓòÉΓòÉΓòÉΓòÉΓòÉΓòÉΓòÉΓòÉΓòÉΓòÉΓòÉΓòÉΓòÉΓòÉΓòÉΓòÉΓòÉΓòÉΓòÉΓòÉΓòÉΓòÉΓòÉΓòÉΓòÉΓòÉΓòÉΓòÉΓòÉΓòÉΓòÉΓòÉΓòÉΓòÉΓòÉΓòÉΓòÉΓòÉΓòÉΓòÉΓòÉΓòÉΓòÉΓòÉΓòÉΓòÉΓòÉΓòÉΓòÉΓòÉΓòÉΓòÉΓòÉ
build_and_deploy	Run Tests	2026-03-23T22:38:53.6937531Z The following assertion was thrown during layout:
build_and_deploy	Run Tests	2026-03-23T22:38:53.6938079Z A RenderFlex overflowed by 13 pixels on the bottom.
build_and_deploy	Run Tests	2026-03-23T22:38:53.6938476Z 
build_and_deploy	Run Tests	2026-03-23T22:38:53.6938635Z The relevant error-causing widget was:
build_and_deploy	Run Tests	2026-03-23T22:38:53.6939408Z   Column Column:file:///home/runner/work/sports-app/sports-app/lib/screens/home_dashboard.dart:634:22
build_and_deploy	Run Tests	2026-03-23T22:38:53.6940103Z 
build_and_deploy	Run Tests	2026-03-23T22:38:53.6940444Z The overflowing RenderFlex has an orientation of Axis.vertical.
build_and_deploy	Run Tests	2026-03-23T22:38:53.6941365Z The edge of the RenderFlex that is overflowing has been marked in the rendering with a yellow and
build_and_deploy	Run Tests	2026-03-23T22:38:53.6942453Z black striped pattern. This is usually caused by the contents being too big for the RenderFlex.
build_and_deploy	Run Tests	2026-03-23T22:38:53.6943519Z Consider applying a flex factor (e.g. using an Expanded widget) to force the children of the
build_and_deploy	Run Tests	2026-03-23T22:38:53.6945579Z RenderFlex to fit within the available space instead of being sized to their natural size.
build_and_deploy	Run Tests	2026-03-23T22:38:53.6946711Z This is considered an error condition because it indicates that there is content that cannot be
build_and_deploy	Run Tests	2026-03-23T22:38:53.6947851Z seen. If the content is legitimately bigger than the available space, consider clipping it with a
build_and_deploy	Run Tests	2026-03-23T22:38:53.6949003Z ClipRect widget before putting it in the flex, or using a scrollable container rather than a Flex,
build_and_deploy	Run Tests	2026-03-23T22:38:53.6949802Z like a ListView.
build_and_deploy	Run Tests	2026-03-23T22:38:53.6950337Z The specific RenderFlex in question is: RenderFlex#2a877 OVERFLOWING:
build_and_deploy	Run Tests	2026-03-23T22:38:53.6951472Z   creator: Column ΓåÉ ColoredBox ΓåÉ Container ΓåÉ BackdropFilter ΓåÉ ClipRect ΓåÉ SizedBox.expand ΓåÉ
build_and_deploy	Run Tests	2026-03-23T22:38:53.6952749Z     _SliverPinnedPersistentHeader ΓåÉ SliverPersistentHeader ΓåÉ NestedScrollViewViewport ΓåÉ
build_and_deploy	Run Tests	2026-03-23T22:38:53.6954040Z     IgnorePointer-[GlobalKey#34ecf] ΓåÉ Semantics ΓåÉ Listener ΓåÉ Γï»
build_and_deploy	Run Tests	2026-03-23T22:38:53.6954971Z   parentData: <none> (can use size)
build_and_deploy	Run Tests	2026-03-23T22:38:53.6955501Z   constraints: BoxConstraints(w=596.0, h=60.0)
build_and_deploy	Run Tests	2026-03-23T22:38:53.6956006Z   size: Size(596.0, 60.0)
build_and_deploy	Run Tests	2026-03-23T22:38:53.6956378Z   direction: vertical
build_and_deploy	Run Tests	2026-03-23T22:38:53.6956747Z   mainAxisAlignment: start
build_and_deploy	Run Tests	2026-03-23T22:38:53.6957129Z   mainAxisSize: min
build_and_deploy	Run Tests	2026-03-23T22:38:53.6957493Z   crossAxisAlignment: center
build_and_deploy	Run Tests	2026-03-23T22:38:53.6957918Z   verticalDirection: down
build_and_deploy	Run Tests	2026-03-23T22:38:53.6958296Z   spacing: 0.0
build_and_deploy	Run Tests	2026-03-23T22:38:53.6958826Z ΓùóΓùñΓùóΓùñΓùóΓùñΓùóΓùñΓùóΓùñΓùóΓùñΓùóΓùñΓùóΓùñΓùóΓùñΓùóΓùñΓùóΓùñΓùóΓùñΓùóΓùñΓùóΓùñΓùóΓùñΓùóΓùñΓùóΓùñΓùóΓùñΓùóΓùñΓùóΓùñΓùóΓùñΓùóΓùñΓùóΓùñΓùóΓùñΓùóΓùñΓùóΓùñΓùóΓùñΓùóΓùñΓùóΓùñΓùóΓùñΓùóΓùñΓùóΓùñΓùóΓùñΓùóΓùñΓùóΓùñΓùóΓùñΓùóΓùñΓùóΓùñΓùóΓùñΓùóΓùñΓùóΓùñΓùóΓùñΓùóΓùñΓùóΓùñΓùóΓùñΓùóΓùñΓùóΓùñΓùóΓùñΓùóΓùñΓùóΓùñ
build_and_deploy	Run Tests	2026-03-23T22:38:53.6959408Z ΓòÉΓòÉΓòÉΓòÉΓòÉΓòÉΓòÉΓòÉΓòÉΓòÉΓòÉΓòÉΓòÉΓòÉΓòÉΓòÉΓòÉΓòÉΓòÉΓòÉΓòÉΓòÉΓòÉΓòÉΓòÉΓòÉΓòÉΓòÉΓòÉΓòÉΓòÉΓòÉΓòÉΓòÉΓòÉΓòÉΓòÉΓòÉΓòÉΓòÉΓòÉΓòÉΓòÉΓòÉΓòÉΓòÉΓòÉΓòÉΓòÉΓòÉΓòÉΓòÉΓòÉΓòÉΓòÉΓòÉΓòÉΓòÉΓòÉΓòÉΓòÉΓòÉΓòÉΓòÉΓòÉΓòÉΓòÉΓòÉΓòÉΓòÉΓòÉΓòÉΓòÉΓòÉΓòÉΓòÉΓòÉΓòÉΓòÉΓòÉΓòÉΓòÉΓòÉΓòÉΓòÉΓòÉΓòÉΓòÉΓòÉΓòÉΓòÉΓòÉΓòÉΓòÉΓòÉΓòÉΓòÉΓòÉΓòÉΓòÉ
build_and_deploy	Run Tests	2026-03-23T22:38:53.6960281Z ΓòÉΓòÉΓòí EXCEPTION CAUGHT BY FLUTTER TEST FRAMEWORK Γò₧ΓòÉΓòÉΓòÉΓòÉΓòÉΓòÉΓòÉΓòÉΓòÉΓòÉΓòÉΓòÉΓòÉΓòÉΓòÉΓòÉΓòÉΓòÉΓòÉΓòÉΓòÉΓòÉΓòÉΓòÉΓòÉΓòÉΓòÉΓòÉΓòÉΓòÉΓòÉΓòÉΓòÉΓòÉΓòÉΓòÉΓòÉΓòÉΓòÉΓòÉΓòÉΓòÉΓòÉΓòÉΓòÉΓòÉΓòÉΓòÉΓòÉΓòÉΓòÉΓòÉ
build_and_deploy	Run Tests	2026-03-23T22:38:53.6961141Z The following assertion was thrown running a test:
build_and_deploy	Run Tests	2026-03-23T22:38:53.6961918Z You must initialize the supabase instance before calling Supabase.instance
build_and_deploy	Run Tests	2026-03-23T22:38:53.6962618Z 'package:supabase_flutter/src/supabase.dart':
build_and_deploy	Run Tests	2026-03-23T22:38:53.6963235Z Failed assertion: line 45 pos 7: '_instance._isInitialized'
build_and_deploy	Run Tests	2026-03-23T22:38:53.6963658Z 
build_and_deploy	Run Tests	2026-03-23T22:38:53.6964037Z When the exception was thrown, this was the stack:
build_and_deploy	Run Tests	2026-03-23T22:38:53.6964766Z #2      Supabase.instance (package:supabase_flutter/src/supabase.dart:45:7)
build_and_deploy	Run Tests	2026-03-23T22:38:53.6965730Z #3      SupabaseService.client (package:sports_app/services/supabase_service.dart:15:48)
build_and_deploy	Run Tests	2026-03-23T22:38:53.6966836Z #4      SupabaseService.getCurrentUser (package:sports_app/services/supabase_service.dart:89:12)
build_and_deploy	Run Tests	2026-03-23T22:38:53.6967940Z #5      KnowledgeGraphNotifier._init (package:sports_app/providers/knowledge_graph_provider.dart:46:36)
build_and_deploy	Run Tests	2026-03-23T22:38:53.6969099Z #6      KnowledgeGraphNotifier.build (package:sports_app/providers/knowledge_graph_provider.dart:39:5)
build_and_deploy	Run Tests	2026-03-23T22:38:53.6970279Z #7      $NotifierProviderElement.handleCreate (package:riverpod/src/providers/notifier.dart:93:32)
build_and_deploy	Run Tests	2026-03-23T22:38:53.6971303Z #8      Notifier.runBuild (package:riverpod/src/providers/notifier/orphan.dart:70:22)
build_and_deploy	Run Tests	2026-03-23T22:38:53.6972345Z #9      $ClassProviderElement.create (package:riverpod/src/core/provider/notifier_provider.dart:560:28)
build_and_deploy	Run Tests	2026-03-23T22:38:53.6973470Z #10     ProviderElement.buildState (package:riverpod/src/core/element.dart:684:28)
build_and_deploy	Run Tests	2026-03-23T22:38:53.6974467Z #11     ProviderElement.mount (package:riverpod/src/core/element.dart:537:7)
build_and_deploy	Run Tests	2026-03-23T22:38:53.6975083Z #12     ProviderElement.flush (package:riverpod/src/core/element.dart:640:7)
build_and_deploy	Run Tests	2026-03-23T22:38:53.6976112Z #13     $ProviderBaseImpl._addListener (package:riverpod/src/core/provider/provider.dart:119:24)
build_and_deploy	Run Tests	2026-03-23T22:38:53.6977172Z #14     ProviderElement.listen (package:riverpod/src/core/element.dart:923:28)
build_and_deploy	Run Tests	2026-03-23T22:38:53.6977980Z #15     Ref.watch (package:riverpod/src/core/ref.dart:655:20)
build_and_deploy	Run Tests	2026-03-23T22:38:53.6978980Z #16     personalizedMatchesProvider.<anonymous closure> (package:sports_app/providers/knowledge_graph_provider.dart:118:23)
build_and_deploy	Run Tests	2026-03-23T22:38:53.6980407Z #17     Provider.create (package:riverpod/src/providers/provider.dart:59:36)
build_and_deploy	Run Tests	2026-03-23T22:38:53.6981342Z #18     $ProviderElement.create (package:riverpod/src/providers/provider.dart:343:32)
build_and_deploy	Run Tests	2026-03-23T22:38:53.6982395Z #19     ProviderElement.buildState (package:riverpod/src/core/element.dart:684:28)
build_and_deploy	Run Tests	2026-03-23T22:38:53.6983332Z #20     ProviderElement.mount (package:riverpod/src/core/element.dart:537:7)
build_and_deploy	Run Tests	2026-03-23T22:38:53.6984433Z #21     ProviderElement.flush (package:riverpod/src/core/element.dart:640:7)
build_and_deploy	Run Tests	2026-03-23T22:38:53.6985334Z #22     $ProviderBaseImpl._addListener (package:riverpod/src/core/provider/provider.dart:119:24)
build_and_deploy	Run Tests	2026-03-23T22:38:53.6986393Z #23     ProviderContainer.listen (package:riverpod/src/core/provider_container.dart:960:26)
build_and_deploy	Run Tests	2026-03-23T22:38:53.6987676Z #24     ConsumerStatefulElement.watch.<anonymous closure> (package:flutter_riverpod/src/core/consumer.dart:475:37)
build_and_deploy	Run Tests	2026-03-23T22:38:53.6988989Z #25     _LinkedHashMapMixin.putIfAbsent (dart:_compact_hash:675:23)
build_and_deploy	Run Tests	2026-03-23T22:38:53.6989878Z #26     ConsumerStatefulElement.watch (package:flutter_riverpod/src/core/consumer.dart:468:14)
build_and_deploy	Run Tests	2026-03-23T22:38:53.6991049Z #27     _HomeDashboardState._buildPersonalizedFeed (package:sports_app/screens/home_dashboard.dart:398:34)
build_and_deploy	Run Tests	2026-03-23T22:38:53.6992243Z #28     _HomeDashboardState.build (package:sports_app/screens/home_dashboard.dart:382:23)
build_and_deploy	Run Tests	2026-03-23T22:38:53.6993247Z #29     StatefulElement.build (package:flutter/src/widgets/framework.dart:5931:27)
build_and_deploy	Run Tests	2026-03-23T22:38:53.6994528Z #30     ConsumerStatefulElement.build (package:flutter_riverpod/src/core/consumer.dart:445:20)
build_and_deploy	Run Tests	2026-03-23T22:38:53.6995560Z #31     ComponentElement.performRebuild (package:flutter/src/widgets/framework.dart:5817:15)
build_and_deploy	Run Tests	2026-03-23T22:38:53.6996618Z #32     StatefulElement.performRebuild (package:flutter/src/widgets/framework.dart:5982:11)
build_and_deploy	Run Tests	2026-03-23T22:38:53.6997601Z #33     Element.rebuild (package:flutter/src/widgets/framework.dart:5529:7)
build_and_deploy	Run Tests	2026-03-23T22:38:53.6998554Z #34     ComponentElement._firstBuild (package:flutter/src/widgets/framework.dart:5799:5)
build_and_deploy	Run Tests	2026-03-23T22:38:53.6999442Z #35     StatefulElement._firstBuild (package:flutter/src/widgets/framework.dart:5973:11)
build_and_deploy	Run Tests	2026-03-23T22:38:53.7000395Z #36     ComponentElement.mount (package:flutter/src/widgets/framework.dart:5793:5)
build_and_deploy	Run Tests	2026-03-23T22:38:53.7001097Z ...     Normal element mounting (260 frames)
build_and_deploy	Run Tests	2026-03-23T22:38:53.7001783Z #296    Element.inflateWidget (package:flutter/src/widgets/framework.dart:4587:20)
build_and_deploy	Run Tests	2026-03-23T22:38:53.7002945Z #297    MultiChildRenderObjectElement.inflateWidget (package:flutter/src/widgets/framework.dart:7264:36)
build_and_deploy	Run Tests	2026-03-23T22:38:53.7004297Z #298    MultiChildRenderObjectElement.mount (package:flutter/src/widgets/framework.dart:7279:32)
build_and_deploy	Run Tests	2026-03-23T22:38:53.7005164Z ...     Normal element mounting (489 frames)
build_and_deploy	Run Tests	2026-03-23T22:38:53.7005771Z #787    Element.inflateWidget (package:flutter/src/widgets/framework.dart:4587:20)
build_and_deploy	Run Tests	2026-03-23T22:38:53.7006653Z #788    Element.updateChild (package:flutter/src/widgets/framework.dart:4053:20)
build_and_deploy	Run Tests	2026-03-23T22:38:53.7007711Z #789    ComponentElement.performRebuild (package:flutter/src/widgets/framework.dart:5841:16)
build_and_deploy	Run Tests	2026-03-23T22:38:53.7008713Z #790    Element.rebuild (package:flutter/src/widgets/framework.dart:5529:7)
build_and_deploy	Run Tests	2026-03-23T22:38:53.7009563Z #791    ProxyElement.update (package:flutter/src/widgets/framework.dart:6149:5)
build_and_deploy	Run Tests	2026-03-23T22:38:53.7010664Z #792    _InheritedNotifierElement.update (package:flutter/src/widgets/inherited_notifier.dart:108:11)
build_and_deploy	Run Tests	2026-03-23T22:38:53.7011792Z #793    Element.updateChild (package:flutter/src/widgets/framework.dart:4037:15)
build_and_deploy	Run Tests	2026-03-23T22:38:53.7012821Z #794    ComponentElement.performRebuild (package:flutter/src/widgets/framework.dart:5841:16)
build_and_deploy	Run Tests	2026-03-23T22:38:53.7014141Z #795    StatefulElement.performRebuild (package:flutter/src/widgets/framework.dart:5982:11)
build_and_deploy	Run Tests	2026-03-23T22:38:53.7014841Z #796    Element.rebuild (package:flutter/src/widgets/framework.dart:5529:7)
build_and_deploy	Run Tests	2026-03-23T22:38:53.7015520Z #797    StatefulElement.update (package:flutter/src/widgets/framework.dart:6007:5)
build_and_deploy	Run Tests	2026-03-23T22:38:53.7016301Z #798    Element.updateChild (package:flutter/src/widgets/framework.dart:4037:15)
build_and_deploy	Run Tests	2026-03-23T22:38:53.7016851Z #799    ComponentElement.performRebuild (package:flutter/src/widgets/framework.dart:5841:16)
build_and_deploy	Run Tests	2026-03-23T22:38:53.7017388Z #800    Element.rebuild (package:flutter/src/widgets/framework.dart:5529:7)
build_and_deploy	Run Tests	2026-03-23T22:38:53.7017858Z #801    ProxyElement.update (package:flutter/src/widgets/framework.dart:6149:5)
build_and_deploy	Run Tests	2026-03-23T22:38:53.7018434Z #802    _InheritedNotifierElement.update (package:flutter/src/widgets/inherited_notifier.dart:108:11)
build_and_deploy	Run Tests	2026-03-23T22:38:53.7019019Z #803    Element.updateChild (package:flutter/src/widgets/framework.dart:4037:15)
build_and_deploy	Run Tests	2026-03-23T22:38:53.7019573Z #804    ComponentElement.performRebuild (package:flutter/src/widgets/framework.dart:5841:16)
build_and_deploy	Run Tests	2026-03-23T22:38:53.7020171Z #805    StatefulElement.performRebuild (package:flutter/src/widgets/framework.dart:5982:11)
build_and_deploy	Run Tests	2026-03-23T22:38:53.7020832Z #806    Element.rebuild (package:flutter/src/widgets/framework.dart:5529:7)
build_and_deploy	Run Tests	2026-03-23T22:38:53.7021321Z #807    StatefulElement.update (package:flutter/src/widgets/framework.dart:6007:5)
build_and_deploy	Run Tests	2026-03-23T22:38:53.7021822Z #808    Element.updateChild (package:flutter/src/widgets/framework.dart:4037:15)
build_and_deploy	Run Tests	2026-03-23T22:38:53.7022358Z #809    ComponentElement.performRebuild (package:flutter/src/widgets/framework.dart:5841:16)
build_and_deploy	Run Tests	2026-03-23T22:38:53.7022945Z #810    StatefulElement.performRebuild (package:flutter/src/widgets/framework.dart:5982:11)
build_and_deploy	Run Tests	2026-03-23T22:38:53.7023463Z #811    Element.rebuild (package:flutter/src/widgets/framework.dart:5529:7)
build_and_deploy	Run Tests	2026-03-23T22:38:53.7024270Z #812    StatefulElement.update (package:flutter/src/widgets/framework.dart:6007:5)
build_and_deploy	Run Tests	2026-03-23T22:38:53.7025228Z #813    Element.updateChild (package:flutter/src/widgets/framework.dart:4037:15)
build_and_deploy	Run Tests	2026-03-23T22:38:53.7026304Z #814    ComponentElement.performRebuild (package:flutter/src/widgets/framework.dart:5841:16)
build_and_deploy	Run Tests	2026-03-23T22:38:53.7027317Z #815    Element.rebuild (package:flutter/src/widgets/framework.dart:5529:7)
build_and_deploy	Run Tests	2026-03-23T22:38:53.7028224Z #816    ProxyElement.update (package:flutter/src/widgets/framework.dart:6149:5)
build_and_deploy	Run Tests	2026-03-23T22:38:53.7029151Z #817    Element.updateChild (package:flutter/src/widgets/framework.dart:4037:15)
build_and_deploy	Run Tests	2026-03-23T22:38:53.7030170Z #818    ComponentElement.performRebuild (package:flutter/src/widgets/framework.dart:5841:16)
build_and_deploy	Run Tests	2026-03-23T22:38:53.7031294Z #819    StatefulElement.performRebuild (package:flutter/src/widgets/framework.dart:5982:11)
build_and_deploy	Run Tests	2026-03-23T22:38:53.7032294Z #820    Element.rebuild (package:flutter/src/widgets/framework.dart:5529:7)
build_and_deploy	Run Tests	2026-03-23T22:38:53.7033208Z #821    StatefulElement.update (package:flutter/src/widgets/framework.dart:6007:5)
build_and_deploy	Run Tests	2026-03-23T22:38:53.7034349Z #822    Element.updateChild (package:flutter/src/widgets/framework.dart:4037:15)
build_and_deploy	Run Tests	2026-03-23T22:38:53.7035388Z #823    ComponentElement.performRebuild (package:flutter/src/widgets/framework.dart:5841:16)
build_and_deploy	Run Tests	2026-03-23T22:38:53.7036406Z #824    Element.rebuild (package:flutter/src/widgets/framework.dart:5529:7)
build_and_deploy	Run Tests	2026-03-23T22:38:53.7037313Z #825    ProxyElement.update (package:flutter/src/widgets/framework.dart:6149:5)
build_and_deploy	Run Tests	2026-03-23T22:38:53.7038270Z #826    Element.updateChild (package:flutter/src/widgets/framework.dart:4037:15)
build_and_deploy	Run Tests	2026-03-23T22:38:53.7039298Z #827    ComponentElement.performRebuild (package:flutter/src/widgets/framework.dart:5841:16)
build_and_deploy	Run Tests	2026-03-23T22:38:53.7040283Z #828    Element.rebuild (package:flutter/src/widgets/framework.dart:5529:7)
build_and_deploy	Run Tests	2026-03-23T22:38:53.7041161Z #829    ProxyElement.update (package:flutter/src/widgets/framework.dart:6149:5)
build_and_deploy	Run Tests	2026-03-23T22:38:53.7042078Z #830    Element.updateChild (package:flutter/src/widgets/framework.dart:4037:15)
build_and_deploy	Run Tests	2026-03-23T22:38:53.7043016Z #831    _RawViewElement._updateChild (package:flutter/src/widgets/view.dart:481:16)
build_and_deploy	Run Tests	2026-03-23T22:38:53.7044119Z #832    _RawViewElement.update (package:flutter/src/widgets/view.dart:568:5)
build_and_deploy	Run Tests	2026-03-23T22:38:53.7045026Z #833    Element.updateChild (package:flutter/src/widgets/framework.dart:4037:15)
build_and_deploy	Run Tests	2026-03-23T22:38:53.7046238Z #834    ComponentElement.performRebuild (package:flutter/src/widgets/framework.dart:5841:16)
build_and_deploy	Run Tests	2026-03-23T22:38:53.7047245Z #835    Element.rebuild (package:flutter/src/widgets/framework.dart:5529:7)
build_and_deploy	Run Tests	2026-03-23T22:38:53.7048162Z #836    StatelessElement.update (package:flutter/src/widgets/framework.dart:5895:5)
build_and_deploy	Run Tests	2026-03-23T22:38:53.7049140Z #837    Element.updateChild (package:flutter/src/widgets/framework.dart:4037:15)
build_and_deploy	Run Tests	2026-03-23T22:38:53.7050163Z #838    ComponentElement.performRebuild (package:flutter/src/widgets/framework.dart:5841:16)
build_and_deploy	Run Tests	2026-03-23T22:38:53.7051348Z #839    StatefulElement.performRebuild (package:flutter/src/widgets/framework.dart:5982:11)
build_and_deploy	Run Tests	2026-03-23T22:38:53.7052350Z #840    Element.rebuild (package:flutter/src/widgets/framework.dart:5529:7)
build_and_deploy	Run Tests	2026-03-23T22:38:53.7053264Z #841    StatefulElement.update (package:flutter/src/widgets/framework.dart:6007:5)
build_and_deploy	Run Tests	2026-03-23T22:38:53.7054408Z #842    Element.updateChild (package:flutter/src/widgets/framework.dart:4037:15)
build_and_deploy	Run Tests	2026-03-23T22:38:53.7055614Z #843    RootElement._rebuild (package:flutter/src/widgets/binding.dart:1822:16)
build_and_deploy	Run Tests	2026-03-23T22:38:53.7056513Z #844    RootElement.update (package:flutter/src/widgets/binding.dart:1800:5)
build_and_deploy	Run Tests	2026-03-23T22:38:53.7057462Z #845    RootElement.performRebuild (package:flutter/src/widgets/binding.dart:1814:7)
build_and_deploy	Run Tests	2026-03-23T22:38:53.7058405Z #846    Element.rebuild (package:flutter/src/widgets/framework.dart:5529:7)
build_and_deploy	Run Tests	2026-03-23T22:38:53.7059315Z #847    BuildScope._tryRebuild (package:flutter/src/widgets/framework.dart:2750:15)
build_and_deploy	Run Tests	2026-03-23T22:38:53.7060332Z #848    BuildScope._flushDirtyElements (package:flutter/src/widgets/framework.dart:2807:11)
build_and_deploy	Run Tests	2026-03-23T22:38:53.7061064Z #849    BuildOwner.buildScope (package:flutter/src/widgets/framework.dart:3111:18)
build_and_deploy	Run Tests	2026-03-23T22:38:53.7061685Z #850    AutomatedTestWidgetsFlutterBinding.drawFrame (package:flutter_test/src/binding.dart:2131:19)
build_and_deploy	Run Tests	2026-03-23T22:38:53.7062386Z #851    RendererBinding._handlePersistentFrameCallback (package:flutter/src/rendering/binding.dart:495:5)
build_and_deploy	Run Tests	2026-03-23T22:38:53.7063073Z #852    SchedulerBinding._invokeFrameCallback (package:flutter/src/scheduler/binding.dart:1430:15)
build_and_deploy	Run Tests	2026-03-23T22:38:53.7063708Z #853    SchedulerBinding.handleDrawFrame (package:flutter/src/scheduler/binding.dart:1345:9)
build_and_deploy	Run Tests	2026-03-23T22:38:53.7065181Z #854    AutomatedTestWidgetsFlutterBinding.pump.<anonymous closure> (package:flutter_test/src/binding.dart:1960:9)
build_and_deploy	Run Tests	2026-03-23T22:38:53.7066445Z #857    TestAsyncUtils.guard (package:flutter_test/src/test_async_utils.dart:74:41)
build_and_deploy	Run Tests	2026-03-23T22:38:53.7067548Z #858    AutomatedTestWidgetsFlutterBinding.pump (package:flutter_test/src/binding.dart:1949:27)
build_and_deploy	Run Tests	2026-03-23T22:38:53.7068799Z #859    WidgetTester.pumpWidget.<anonymous closure> (package:flutter_test/src/widget_tester.dart:598:22)
build_and_deploy	Run Tests	2026-03-23T22:38:53.7069914Z #862    TestAsyncUtils.guard (package:flutter_test/src/test_async_utils.dart:74:41)
build_and_deploy	Run Tests	2026-03-23T22:38:53.7070904Z #863    WidgetTester.pumpWidget (package:flutter_test/src/widget_tester.dart:595:27)
build_and_deploy	Run Tests	2026-03-23T22:38:53.7072443Z #864    main.<anonymous closure>.<anonymous closure>.<anonymous closure> (file:///home/runner/work/sports-app/sports-app/test/integration/home_dashboard_test.dart:106:22)
build_and_deploy	Run Tests	2026-03-23T22:38:53.7074077Z #869    HttpOverrides.runZoned (dart:_http/overrides.dart:59:23)
build_and_deploy	Run Tests	2026-03-23T22:38:53.7074982Z #870    mockNetworkImagesFor (package:network_image_mock/src/network_image_mock.dart:9:24)
build_and_deploy	Run Tests	2026-03-23T22:38:53.7076457Z #871    main.<anonymous closure>.<anonymous closure> (file:///home/runner/work/sports-app/sports-app/test/integration/home_dashboard_test.dart:100:13)
build_and_deploy	Run Tests	2026-03-23T22:38:53.7078029Z #872    testWidgets.<anonymous closure>.<anonymous closure> (package:flutter_test/src/widget_tester.dart:192:29)
build_and_deploy	Run Tests	2026-03-23T22:38:53.7078958Z <asynchronous suspension>
build_and_deploy	Run Tests	2026-03-23T22:38:53.7079698Z #873    TestWidgetsFlutterBinding._runTestBody (package:flutter_test/src/binding.dart:1682:5)
build_and_deploy	Run Tests	2026-03-23T22:38:53.7080497Z <asynchronous suspension>
build_and_deploy	Run Tests	2026-03-23T22:38:53.7080910Z <asynchronous suspension>
build_and_deploy	Run Tests	2026-03-23T22:38:53.7081863Z (elided 11 frames from class _AssertionError, dart:async, and package:stack_trace)
build_and_deploy	Run Tests	2026-03-23T22:38:53.7082438Z 
build_and_deploy	Run Tests	2026-03-23T22:38:53.7082601Z The test description was:
build_and_deploy	Run Tests	2026-03-23T22:38:53.7083112Z   Dashboard displays empty state when no matches pass filter
build_and_deploy	Run Tests	2026-03-23T22:38:53.7084392Z ΓòÉΓòÉΓòÉΓòÉΓòÉΓòÉΓòÉΓòÉΓòÉΓòÉΓòÉΓòÉΓòÉΓòÉΓòÉΓòÉΓòÉΓòÉΓòÉΓòÉΓòÉΓòÉΓòÉΓòÉΓòÉΓòÉΓòÉΓòÉΓòÉΓòÉΓòÉΓòÉΓòÉΓòÉΓòÉΓòÉΓòÉΓòÉΓòÉΓòÉΓòÉΓòÉΓòÉΓòÉΓòÉΓòÉΓòÉΓòÉΓòÉΓòÉΓòÉΓòÉΓòÉΓòÉΓòÉΓòÉΓòÉΓòÉΓòÉΓòÉΓòÉΓòÉΓòÉΓòÉΓòÉΓòÉΓòÉΓòÉΓòÉΓòÉΓòÉΓòÉΓòÉΓòÉΓòÉΓòÉΓòÉΓòÉΓòÉΓòÉΓòÉΓòÉΓòÉΓòÉΓòÉΓòÉΓòÉΓòÉΓòÉΓòÉΓòÉΓòÉΓòÉΓòÉΓòÉΓòÉΓòÉΓòÉΓòÉΓòÉ
build_and_deploy	Run Tests	2026-03-23T22:38:53.7085562Z ΓòÉΓòÉΓòí EXCEPTION CAUGHT BY FLUTTER TEST FRAMEWORK Γò₧ΓòÉΓòÉΓòÉΓòÉΓòÉΓòÉΓòÉΓòÉΓòÉΓòÉΓòÉΓòÉΓòÉΓòÉΓòÉΓòÉΓòÉΓòÉΓòÉΓòÉΓòÉΓòÉΓòÉΓòÉΓòÉΓòÉΓòÉΓòÉΓòÉΓòÉΓòÉΓòÉΓòÉΓòÉΓòÉΓòÉΓòÉΓòÉΓòÉΓòÉΓòÉΓòÉΓòÉΓòÉΓòÉΓòÉΓòÉΓòÉΓòÉΓòÉΓòÉΓòÉ
build_and_deploy	Run Tests	2026-03-23T22:38:53.7086352Z The following message was thrown:
build_and_deploy	Run Tests	2026-03-23T22:38:53.7087122Z Multiple exceptions (2) were detected during the running of the current test, and at least one was
build_and_deploy	Run Tests	2026-03-23T22:38:53.7087914Z unexpected.
build_and_deploy	Run Tests	2026-03-23T22:38:53.7088652Z ΓòÉΓòÉΓòÉΓòÉΓòÉΓòÉΓòÉΓòÉΓòÉΓòÉΓòÉΓòÉΓòÉΓòÉΓòÉΓòÉΓòÉΓòÉΓòÉΓòÉΓòÉΓòÉΓòÉΓòÉΓòÉΓòÉΓòÉΓòÉΓòÉΓòÉΓòÉΓòÉΓòÉΓòÉΓòÉΓòÉΓòÉΓòÉΓòÉΓòÉΓòÉΓòÉΓòÉΓòÉΓòÉΓòÉΓòÉΓòÉΓòÉΓòÉΓòÉΓòÉΓòÉΓòÉΓòÉΓòÉΓòÉΓòÉΓòÉΓòÉΓòÉΓòÉΓòÉΓòÉΓòÉΓòÉΓòÉΓòÉΓòÉΓòÉΓòÉΓòÉΓòÉΓòÉΓòÉΓòÉΓòÉΓòÉΓòÉΓòÉΓòÉΓòÉΓòÉΓòÉΓòÉΓòÉΓòÉΓòÉΓòÉΓòÉΓòÉΓòÉΓòÉΓòÉΓòÉΓòÉΓòÉΓòÉΓòÉΓòÉ
build_and_deploy	Run Tests	2026-03-23T22:38:53.7089322Z Test failed. See exception logs above.
build_and_deploy	Run Tests	2026-03-23T22:38:53.7090307Z The test description was: Dashboard displays empty state when no matches pass filter
build_and_deploy	Run Tests	2026-03-23T22:38:53.7090900Z 
build_and_deploy	Run Tests	2026-03-23T22:38:53.7091390Z ##[endgroup]
build_and_deploy	Run Tests	2026-03-23T22:38:54.1354146Z ##[group]Γ¥î /home/runner/work/sports-app/sports-app/test/integration/home_dashboard_test.dart: HomeDashboard Integration Tests Dashboard Date Navigator filters by selected day (failed)
build_and_deploy	Run Tests	2026-03-23T22:38:54.1356707Z ΓòÉΓòÉΓòí EXCEPTION CAUGHT BY RENDERING LIBRARY Γò₧ΓòÉΓòÉΓòÉΓòÉΓòÉΓòÉΓòÉΓòÉΓòÉΓòÉΓòÉΓòÉΓòÉΓòÉΓòÉΓòÉΓòÉΓòÉΓòÉΓòÉΓòÉΓòÉΓòÉΓòÉΓòÉΓòÉΓòÉΓòÉΓòÉΓòÉΓòÉΓòÉΓòÉΓòÉΓòÉΓòÉΓòÉΓòÉΓòÉΓòÉΓòÉΓòÉΓòÉΓòÉΓòÉΓòÉΓòÉΓòÉΓòÉΓòÉΓòÉΓòÉΓòÉΓòÉΓòÉΓòÉΓòÉ
build_and_deploy	Run Tests	2026-03-23T22:38:54.1357798Z The following assertion was thrown during layout:
build_and_deploy	Run Tests	2026-03-23T22:38:54.1359605Z A RenderFlex overflowed by 13 pixels on the bottom.
build_and_deploy	Run Tests	2026-03-23T22:38:54.1360290Z 
build_and_deploy	Run Tests	2026-03-23T22:38:54.1360623Z The relevant error-causing widget was:
build_and_deploy	Run Tests	2026-03-23T22:38:54.1361712Z   Column Column:file:///home/runner/work/sports-app/sports-app/lib/screens/home_dashboard.dart:634:22
build_and_deploy	Run Tests	2026-03-23T22:38:54.1364290Z 
build_and_deploy	Run Tests	2026-03-23T22:38:54.1369892Z The overflowing RenderFlex has an orientation of Axis.vertical.
build_and_deploy	Run Tests	2026-03-23T22:38:54.1374927Z The edge of the RenderFlex that is overflowing has been marked in the rendering with a yellow and
build_and_deploy	Run Tests	2026-03-23T22:38:54.1376104Z black striped pattern. This is usually caused by the contents being too big for the RenderFlex.
build_and_deploy	Run Tests	2026-03-23T22:38:54.1381603Z Consider applying a flex factor (e.g. using an Expanded widget) to force the children of the
build_and_deploy	Run Tests	2026-03-23T22:38:54.1382749Z RenderFlex to fit within the available space instead of being sized to their natural size.
build_and_deploy	Run Tests	2026-03-23T22:38:54.1384080Z This is considered an error condition because it indicates that there is content that cannot be
build_and_deploy	Run Tests	2026-03-23T22:38:54.1385265Z seen. If the content is legitimately bigger than the available space, consider clipping it with a
build_and_deploy	Run Tests	2026-03-23T22:38:54.1386393Z ClipRect widget before putting it in the flex, or using a scrollable container rather than a Flex,
build_and_deploy	Run Tests	2026-03-23T22:38:54.1387208Z like a ListView.
build_and_deploy	Run Tests	2026-03-23T22:38:54.1387760Z The specific RenderFlex in question is: RenderFlex#cd7f3 OVERFLOWING:
build_and_deploy	Run Tests	2026-03-23T22:38:54.1389850Z   creator: Column ΓåÉ ColoredBox ΓåÉ Container ΓåÉ BackdropFilter ΓåÉ ClipRect ΓåÉ SizedBox.expand ΓåÉ
build_and_deploy	Run Tests	2026-03-23T22:38:54.1391097Z     _SliverPinnedPersistentHeader ΓåÉ SliverPersistentHeader ΓåÉ NestedScrollViewViewport ΓåÉ
build_and_deploy	Run Tests	2026-03-23T22:38:54.1392195Z     IgnorePointer-[GlobalKey#4b4eb] ΓåÉ Semantics ΓåÉ Listener ΓåÉ Γï»
build_and_deploy	Run Tests	2026-03-23T22:38:54.1392818Z   parentData: <none> (can use size)
build_and_deploy	Run Tests	2026-03-23T22:38:54.1393330Z   constraints: BoxConstraints(w=596.0, h=60.0)
build_and_deploy	Run Tests	2026-03-23T22:38:54.1394058Z   size: Size(596.0, 60.0)
build_and_deploy	Run Tests	2026-03-23T22:38:54.1394455Z   direction: vertical
build_and_deploy	Run Tests	2026-03-23T22:38:54.1394886Z   mainAxisAlignment: start
build_and_deploy	Run Tests	2026-03-23T22:38:54.1395277Z   mainAxisSize: min
build_and_deploy	Run Tests	2026-03-23T22:38:54.1395641Z   crossAxisAlignment: center
build_and_deploy	Run Tests	2026-03-23T22:38:54.1396055Z   verticalDirection: down
build_and_deploy	Run Tests	2026-03-23T22:38:54.1396438Z   spacing: 0.0
build_and_deploy	Run Tests	2026-03-23T22:38:54.1397233Z ΓùóΓùñΓùóΓùñΓùóΓùñΓùóΓùñΓùóΓùñΓùóΓùñΓùóΓùñΓùóΓùñΓùóΓùñΓùóΓùñΓùóΓùñΓùóΓùñΓùóΓùñΓùóΓùñΓùóΓùñΓùóΓùñΓùóΓùñΓùóΓùñΓùóΓùñΓùóΓùñΓùóΓùñΓùóΓùñΓùóΓùñΓùóΓùñΓùóΓùñΓùóΓùñΓùóΓùñΓùóΓùñΓùóΓùñΓùóΓùñΓùóΓùñΓùóΓùñΓùóΓùñΓùóΓùñΓùóΓùñΓùóΓùñΓùóΓùñΓùóΓùñΓùóΓùñΓùóΓùñΓùóΓùñΓùóΓùñΓùóΓùñΓùóΓùñΓùóΓùñΓùóΓùñΓùóΓùñΓùóΓùñΓùóΓùñΓùóΓùñ
build_and_deploy	Run Tests	2026-03-23T22:38:54.1398024Z ΓòÉΓòÉΓòÉΓòÉΓòÉΓòÉΓòÉΓòÉΓòÉΓòÉΓòÉΓòÉΓòÉΓòÉΓòÉΓòÉΓòÉΓòÉΓòÉΓòÉΓòÉΓòÉΓòÉΓòÉΓòÉΓòÉΓòÉΓòÉΓòÉΓòÉΓòÉΓòÉΓòÉΓòÉΓòÉΓòÉΓòÉΓòÉΓòÉΓòÉΓòÉΓòÉΓòÉΓòÉΓòÉΓòÉΓòÉΓòÉΓòÉΓòÉΓòÉΓòÉΓòÉΓòÉΓòÉΓòÉΓòÉΓòÉΓòÉΓòÉΓòÉΓòÉΓòÉΓòÉΓòÉΓòÉΓòÉΓòÉΓòÉΓòÉΓòÉΓòÉΓòÉΓòÉΓòÉΓòÉΓòÉΓòÉΓòÉΓòÉΓòÉΓòÉΓòÉΓòÉΓòÉΓòÉΓòÉΓòÉΓòÉΓòÉΓòÉΓòÉΓòÉΓòÉΓòÉΓòÉΓòÉΓòÉΓòÉΓòÉ
build_and_deploy	Run Tests	2026-03-23T22:38:54.1399164Z ΓòÉΓòÉΓòí EXCEPTION CAUGHT BY FLUTTER TEST FRAMEWORK Γò₧ΓòÉΓòÉΓòÉΓòÉΓòÉΓòÉΓòÉΓòÉΓòÉΓòÉΓòÉΓòÉΓòÉΓòÉΓòÉΓòÉΓòÉΓòÉΓòÉΓòÉΓòÉΓòÉΓòÉΓòÉΓòÉΓòÉΓòÉΓòÉΓòÉΓòÉΓòÉΓòÉΓòÉΓòÉΓòÉΓòÉΓòÉΓòÉΓòÉΓòÉΓòÉΓòÉΓòÉΓòÉΓòÉΓòÉΓòÉΓòÉΓòÉΓòÉΓòÉΓòÉ
build_and_deploy	Run Tests	2026-03-23T22:38:54.1399714Z The following assertion was thrown running a test:
build_and_deploy	Run Tests	2026-03-23T22:38:54.1400127Z You must initialize the supabase instance before calling Supabase.instance
build_and_deploy	Run Tests	2026-03-23T22:38:54.1400536Z 'package:supabase_flutter/src/supabase.dart':
build_and_deploy	Run Tests	2026-03-23T22:38:54.1400893Z Failed assertion: line 45 pos 7: '_instance._isInitialized'
build_and_deploy	Run Tests	2026-03-23T22:38:54.1401137Z 
build_and_deploy	Run Tests	2026-03-23T22:38:54.1401256Z When the exception was thrown, this was the stack:
build_and_deploy	Run Tests	2026-03-23T22:38:54.1401659Z #2      Supabase.instance (package:supabase_flutter/src/supabase.dart:45:7)
build_and_deploy	Run Tests	2026-03-23T22:38:54.1402184Z #3      SupabaseService.client (package:sports_app/services/supabase_service.dart:15:48)
build_and_deploy	Run Tests	2026-03-23T22:38:54.1402775Z #4      SupabaseService.getCurrentUser (package:sports_app/services/supabase_service.dart:89:12)
build_and_deploy	Run Tests	2026-03-23T22:38:54.1403445Z #5      KnowledgeGraphNotifier._init (package:sports_app/providers/knowledge_graph_provider.dart:46:36)
build_and_deploy	Run Tests	2026-03-23T22:38:54.1404385Z #6      KnowledgeGraphNotifier.build (package:sports_app/providers/knowledge_graph_provider.dart:39:5)
build_and_deploy	Run Tests	2026-03-23T22:38:54.1405046Z #7      $NotifierProviderElement.handleCreate (package:riverpod/src/providers/notifier.dart:93:32)
build_and_deploy	Run Tests	2026-03-23T22:38:54.1405633Z #8      Notifier.runBuild (package:riverpod/src/providers/notifier/orphan.dart:70:22)
build_and_deploy	Run Tests	2026-03-23T22:38:54.1406227Z #9      $ClassProviderElement.create (package:riverpod/src/core/provider/notifier_provider.dart:560:28)
build_and_deploy	Run Tests	2026-03-23T22:38:54.1406820Z #10     ProviderElement.buildState (package:riverpod/src/core/element.dart:684:28)
build_and_deploy	Run Tests	2026-03-23T22:38:54.1407331Z #11     ProviderElement.mount (package:riverpod/src/core/element.dart:537:7)
build_and_deploy	Run Tests	2026-03-23T22:38:54.1407811Z #12     ProviderElement.flush (package:riverpod/src/core/element.dart:640:7)
build_and_deploy	Run Tests	2026-03-23T22:38:54.1408364Z #13     $ProviderBaseImpl._addListener (package:riverpod/src/core/provider/provider.dart:119:24)
build_and_deploy	Run Tests	2026-03-23T22:38:54.1409092Z #14     ProviderElement.listen (package:riverpod/src/core/element.dart:923:28)
build_and_deploy	Run Tests	2026-03-23T22:38:54.1409525Z #15     Ref.watch (package:riverpod/src/core/ref.dart:655:20)
build_and_deploy	Run Tests	2026-03-23T22:38:54.1410316Z #16     personalizedMatchesProvider.<anonymous closure> (package:sports_app/providers/knowledge_graph_provider.dart:118:23)
build_and_deploy	Run Tests	2026-03-23T22:38:54.1410978Z #17     Provider.create (package:riverpod/src/providers/provider.dart:59:36)
build_and_deploy	Run Tests	2026-03-23T22:38:54.1411488Z #18     $ProviderElement.create (package:riverpod/src/providers/provider.dart:343:32)
build_and_deploy	Run Tests	2026-03-23T22:38:54.1412027Z #19     ProviderElement.buildState (package:riverpod/src/core/element.dart:684:28)
build_and_deploy	Run Tests	2026-03-23T22:38:54.1412536Z #20     ProviderElement.mount (package:riverpod/src/core/element.dart:537:7)
build_and_deploy	Run Tests	2026-03-23T22:38:54.1413003Z #21     ProviderElement.flush (package:riverpod/src/core/element.dart:640:7)
build_and_deploy	Run Tests	2026-03-23T22:38:54.1413548Z #22     $ProviderBaseImpl._addListener (package:riverpod/src/core/provider/provider.dart:119:24)
build_and_deploy	Run Tests	2026-03-23T22:38:54.1414750Z #23     ProviderContainer.listen (package:riverpod/src/core/provider_container.dart:960:26)
build_and_deploy	Run Tests	2026-03-23T22:38:54.1415442Z #24     ConsumerStatefulElement.watch.<anonymous closure> (package:flutter_riverpod/src/core/consumer.dart:475:37)
build_and_deploy	Run Tests	2026-03-23T22:38:54.1416038Z #25     _LinkedHashMapMixin.putIfAbsent (dart:_compact_hash:675:23)
build_and_deploy	Run Tests	2026-03-23T22:38:54.1416592Z #26     ConsumerStatefulElement.watch (package:flutter_riverpod/src/core/consumer.dart:468:14)
build_and_deploy	Run Tests	2026-03-23T22:38:54.1417247Z #27     _HomeDashboardState._buildPersonalizedFeed (package:sports_app/screens/home_dashboard.dart:398:34)
build_and_deploy	Run Tests	2026-03-23T22:38:54.1417876Z #28     _HomeDashboardState.build (package:sports_app/screens/home_dashboard.dart:382:23)
build_and_deploy	Run Tests	2026-03-23T22:38:54.1418421Z #29     StatefulElement.build (package:flutter/src/widgets/framework.dart:5931:27)
build_and_deploy	Run Tests	2026-03-23T22:38:54.1418977Z #30     ConsumerStatefulElement.build (package:flutter_riverpod/src/core/consumer.dart:445:20)
build_and_deploy	Run Tests	2026-03-23T22:38:54.1419589Z #31     ComponentElement.performRebuild (package:flutter/src/widgets/framework.dart:5817:15)
build_and_deploy	Run Tests	2026-03-23T22:38:54.1420171Z #32     StatefulElement.performRebuild (package:flutter/src/widgets/framework.dart:5982:11)
build_and_deploy	Run Tests	2026-03-23T22:38:54.1420880Z #33     Element.rebuild (package:flutter/src/widgets/framework.dart:5529:7)
build_and_deploy	Run Tests	2026-03-23T22:38:54.1421396Z #34     ComponentElement._firstBuild (package:flutter/src/widgets/framework.dart:5799:5)
build_and_deploy	Run Tests	2026-03-23T22:38:54.1421942Z #35     StatefulElement._firstBuild (package:flutter/src/widgets/framework.dart:5973:11)
build_and_deploy	Run Tests	2026-03-23T22:38:54.1422466Z #36     ComponentElement.mount (package:flutter/src/widgets/framework.dart:5793:5)
build_and_deploy	Run Tests	2026-03-23T22:38:54.1422863Z ...     Normal element mounting (260 frames)
build_and_deploy	Run Tests	2026-03-23T22:38:54.1423250Z #296    Element.inflateWidget (package:flutter/src/widgets/framework.dart:4587:20)
build_and_deploy	Run Tests	2026-03-23T22:38:54.1424066Z #297    MultiChildRenderObjectElement.inflateWidget (package:flutter/src/widgets/framework.dart:7264:36)
build_and_deploy	Run Tests	2026-03-23T22:38:54.1424888Z #298    MultiChildRenderObjectElement.mount (package:flutter/src/widgets/framework.dart:7279:32)
build_and_deploy	Run Tests	2026-03-23T22:38:54.1425356Z ...     Normal element mounting (489 frames)
build_and_deploy	Run Tests	2026-03-23T22:38:54.1425749Z #787    Element.inflateWidget (package:flutter/src/widgets/framework.dart:4587:20)
build_and_deploy	Run Tests	2026-03-23T22:38:54.1426251Z #788    Element.updateChild (package:flutter/src/widgets/framework.dart:4053:20)
build_and_deploy	Run Tests	2026-03-23T22:38:54.1426793Z #789    ComponentElement.performRebuild (package:flutter/src/widgets/framework.dart:5841:16)
build_and_deploy	Run Tests	2026-03-23T22:38:54.1427328Z #790    Element.rebuild (package:flutter/src/widgets/framework.dart:5529:7)
build_and_deploy	Run Tests	2026-03-23T22:38:54.1427803Z #791    ProxyElement.update (package:flutter/src/widgets/framework.dart:6149:5)
build_and_deploy	Run Tests	2026-03-23T22:38:54.1428379Z #792    _InheritedNotifierElement.update (package:flutter/src/widgets/inherited_notifier.dart:108:11)
build_and_deploy	Run Tests	2026-03-23T22:38:54.1428959Z #793    Element.updateChild (package:flutter/src/widgets/framework.dart:4037:15)
build_and_deploy	Run Tests	2026-03-23T22:38:54.1429510Z #794    ComponentElement.performRebuild (package:flutter/src/widgets/framework.dart:5841:16)
build_and_deploy	Run Tests	2026-03-23T22:38:54.1430958Z #795    StatefulElement.performRebuild (package:flutter/src/widgets/framework.dart:5982:11)
build_and_deploy	Run Tests	2026-03-23T22:38:54.1431999Z #796    Element.rebuild (package:flutter/src/widgets/framework.dart:5529:7)
build_and_deploy	Run Tests	2026-03-23T22:38:54.1432953Z #797    StatefulElement.update (package:flutter/src/widgets/framework.dart:6007:5)
build_and_deploy	Run Tests	2026-03-23T22:38:54.1434073Z #798    Element.updateChild (package:flutter/src/widgets/framework.dart:4037:15)
build_and_deploy	Run Tests	2026-03-23T22:38:54.1434713Z #799    ComponentElement.performRebuild (package:flutter/src/widgets/framework.dart:5841:16)
build_and_deploy	Run Tests	2026-03-23T22:38:54.1435255Z #800    Element.rebuild (package:flutter/src/widgets/framework.dart:5529:7)
build_and_deploy	Run Tests	2026-03-23T22:38:54.1435741Z #801    ProxyElement.update (package:flutter/src/widgets/framework.dart:6149:5)
build_and_deploy	Run Tests	2026-03-23T22:38:54.1436322Z #802    _InheritedNotifierElement.update (package:flutter/src/widgets/inherited_notifier.dart:108:11)
build_and_deploy	Run Tests	2026-03-23T22:38:54.1437103Z #803    Element.updateChild (package:flutter/src/widgets/framework.dart:4037:15)
build_and_deploy	Run Tests	2026-03-23T22:38:54.1437651Z #804    ComponentElement.performRebuild (package:flutter/src/widgets/framework.dart:5841:16)
build_and_deploy	Run Tests	2026-03-23T22:38:54.1438247Z #805    StatefulElement.performRebuild (package:flutter/src/widgets/framework.dart:5982:11)
build_and_deploy	Run Tests	2026-03-23T22:38:54.1438777Z #806    Element.rebuild (package:flutter/src/widgets/framework.dart:5529:7)
build_and_deploy	Run Tests	2026-03-23T22:38:54.1439271Z #807    StatefulElement.update (package:flutter/src/widgets/framework.dart:6007:5)
build_and_deploy	Run Tests	2026-03-23T22:38:54.1439780Z #808    Element.updateChild (package:flutter/src/widgets/framework.dart:4037:15)
build_and_deploy	Run Tests	2026-03-23T22:38:54.1440325Z #809    ComponentElement.performRebuild (package:flutter/src/widgets/framework.dart:5841:16)
build_and_deploy	Run Tests	2026-03-23T22:38:54.1440912Z #810    StatefulElement.performRebuild (package:flutter/src/widgets/framework.dart:5982:11)
build_and_deploy	Run Tests	2026-03-23T22:38:54.1441452Z #811    Element.rebuild (package:flutter/src/widgets/framework.dart:5529:7)
build_and_deploy	Run Tests	2026-03-23T22:38:54.1441951Z #812    StatefulElement.update (package:flutter/src/widgets/framework.dart:6007:5)
build_and_deploy	Run Tests	2026-03-23T22:38:54.1442452Z #813    Element.updateChild (package:flutter/src/widgets/framework.dart:4037:15)
build_and_deploy	Run Tests	2026-03-23T22:38:54.1442993Z #814    ComponentElement.performRebuild (package:flutter/src/widgets/framework.dart:5841:16)
build_and_deploy	Run Tests	2026-03-23T22:38:54.1443508Z #815    Element.rebuild (package:flutter/src/widgets/framework.dart:5529:7)
build_and_deploy	Run Tests	2026-03-23T22:38:54.1444303Z #816    ProxyElement.update (package:flutter/src/widgets/framework.dart:6149:5)
build_and_deploy	Run Tests	2026-03-23T22:38:54.1444822Z #817    Element.updateChild (package:flutter/src/widgets/framework.dart:4037:15)
build_and_deploy	Run Tests	2026-03-23T22:38:54.1445364Z #818    ComponentElement.performRebuild (package:flutter/src/widgets/framework.dart:5841:16)
build_and_deploy	Run Tests	2026-03-23T22:38:54.1445954Z #819    StatefulElement.performRebuild (package:flutter/src/widgets/framework.dart:5982:11)
build_and_deploy	Run Tests	2026-03-23T22:38:54.1446475Z #820    Element.rebuild (package:flutter/src/widgets/framework.dart:5529:7)
build_and_deploy	Run Tests	2026-03-23T22:38:54.1446961Z #821    StatefulElement.update (package:flutter/src/widgets/framework.dart:6007:5)
build_and_deploy	Run Tests	2026-03-23T22:38:54.1447464Z #822    Element.updateChild (package:flutter/src/widgets/framework.dart:4037:15)
build_and_deploy	Run Tests	2026-03-23T22:38:54.1448002Z #823    ComponentElement.performRebuild (package:flutter/src/widgets/framework.dart:5841:16)
build_and_deploy	Run Tests	2026-03-23T22:38:54.1448521Z #824    Element.rebuild (package:flutter/src/widgets/framework.dart:5529:7)
build_and_deploy	Run Tests	2026-03-23T22:38:54.1448992Z #825    ProxyElement.update (package:flutter/src/widgets/framework.dart:6149:5)
build_and_deploy	Run Tests	2026-03-23T22:38:54.1449484Z #826    Element.updateChild (package:flutter/src/widgets/framework.dart:4037:15)
build_and_deploy	Run Tests	2026-03-23T22:38:54.1450018Z #827    ComponentElement.performRebuild (package:flutter/src/widgets/framework.dart:5841:16)
build_and_deploy	Run Tests	2026-03-23T22:38:54.1450542Z #828    Element.rebuild (package:flutter/src/widgets/framework.dart:5529:7)
build_and_deploy	Run Tests	2026-03-23T22:38:54.1451014Z #829    ProxyElement.update (package:flutter/src/widgets/framework.dart:6149:5)
build_and_deploy	Run Tests	2026-03-23T22:38:54.1451499Z #830    Element.updateChild (package:flutter/src/widgets/framework.dart:4037:15)
build_and_deploy	Run Tests	2026-03-23T22:38:54.1452155Z #831    _RawViewElement._updateChild (package:flutter/src/widgets/view.dart:481:16)
build_and_deploy	Run Tests	2026-03-23T22:38:54.1452653Z #832    _RawViewElement.update (package:flutter/src/widgets/view.dart:568:5)
build_and_deploy	Run Tests	2026-03-23T22:38:54.1453134Z #833    Element.updateChild (package:flutter/src/widgets/framework.dart:4037:15)
build_and_deploy	Run Tests	2026-03-23T22:38:54.1453674Z #834    ComponentElement.performRebuild (package:flutter/src/widgets/framework.dart:5841:16)
build_and_deploy	Run Tests	2026-03-23T22:38:54.1454431Z #835    Element.rebuild (package:flutter/src/widgets/framework.dart:5529:7)
build_and_deploy	Run Tests	2026-03-23T22:38:54.1455117Z #836    StatelessElement.update (package:flutter/src/widgets/framework.dart:5895:5)
build_and_deploy	Run Tests	2026-03-23T22:38:54.1455628Z #837    Element.updateChild (package:flutter/src/widgets/framework.dart:4037:15)
build_and_deploy	Run Tests	2026-03-23T22:38:54.1456169Z #838    ComponentElement.performRebuild (package:flutter/src/widgets/framework.dart:5841:16)
build_and_deploy	Run Tests	2026-03-23T22:38:54.1456763Z #839    StatefulElement.performRebuild (package:flutter/src/widgets/framework.dart:5982:11)
build_and_deploy	Run Tests	2026-03-23T22:38:54.1457448Z #840    Element.rebuild (package:flutter/src/widgets/framework.dart:5529:7)
build_and_deploy	Run Tests	2026-03-23T22:38:54.1457934Z #841    StatefulElement.update (package:flutter/src/widgets/framework.dart:6007:5)
build_and_deploy	Run Tests	2026-03-23T22:38:54.1458445Z #842    Element.updateChild (package:flutter/src/widgets/framework.dart:4037:15)
build_and_deploy	Run Tests	2026-03-23T22:38:54.1458965Z #843    RootElement._rebuild (package:flutter/src/widgets/binding.dart:1822:16)
build_and_deploy	Run Tests	2026-03-23T22:38:54.1459438Z #844    RootElement.update (package:flutter/src/widgets/binding.dart:1800:5)
build_and_deploy	Run Tests	2026-03-23T22:38:54.1459954Z #845    RootElement.performRebuild (package:flutter/src/widgets/binding.dart:1814:7)
build_and_deploy	Run Tests	2026-03-23T22:38:54.1460452Z #846    Element.rebuild (package:flutter/src/widgets/framework.dart:5529:7)
build_and_deploy	Run Tests	2026-03-23T22:38:54.1460928Z #847    BuildScope._tryRebuild (package:flutter/src/widgets/framework.dart:2750:15)
build_and_deploy	Run Tests	2026-03-23T22:38:54.1461463Z #848    BuildScope._flushDirtyElements (package:flutter/src/widgets/framework.dart:2807:11)
build_and_deploy	Run Tests	2026-03-23T22:38:54.1462020Z #849    BuildOwner.buildScope (package:flutter/src/widgets/framework.dart:3111:18)
build_and_deploy	Run Tests	2026-03-23T22:38:54.1462628Z #850    AutomatedTestWidgetsFlutterBinding.drawFrame (package:flutter_test/src/binding.dart:2131:19)
build_and_deploy	Run Tests	2026-03-23T22:38:54.1463330Z #851    RendererBinding._handlePersistentFrameCallback (package:flutter/src/rendering/binding.dart:495:5)
build_and_deploy	Run Tests	2026-03-23T22:38:54.1464116Z #852    SchedulerBinding._invokeFrameCallback (package:flutter/src/scheduler/binding.dart:1430:15)
build_and_deploy	Run Tests	2026-03-23T22:38:54.1464739Z #853    SchedulerBinding.handleDrawFrame (package:flutter/src/scheduler/binding.dart:1345:9)
build_and_deploy	Run Tests	2026-03-23T22:38:54.1465424Z #854    AutomatedTestWidgetsFlutterBinding.pump.<anonymous closure> (package:flutter_test/src/binding.dart:1960:9)
build_and_deploy	Run Tests	2026-03-23T22:38:54.1466283Z #857    TestAsyncUtils.guard (package:flutter_test/src/test_async_utils.dart:74:41)
build_and_deploy	Run Tests	2026-03-23T22:38:54.1466870Z #858    AutomatedTestWidgetsFlutterBinding.pump (package:flutter_test/src/binding.dart:1949:27)
build_and_deploy	Run Tests	2026-03-23T22:38:54.1467541Z #859    WidgetTester.pumpWidget.<anonymous closure> (package:flutter_test/src/widget_tester.dart:598:22)
build_and_deploy	Run Tests	2026-03-23T22:38:54.1468136Z #862    TestAsyncUtils.guard (package:flutter_test/src/test_async_utils.dart:74:41)
build_and_deploy	Run Tests	2026-03-23T22:38:54.1468658Z #863    WidgetTester.pumpWidget (package:flutter_test/src/widget_tester.dart:595:27)
build_and_deploy	Run Tests	2026-03-23T22:38:54.1469479Z #864    main.<anonymous closure>.<anonymous closure>.<anonymous closure> (file:///home/runner/work/sports-app/sports-app/test/integration/home_dashboard_test.dart:128:22)
build_and_deploy	Run Tests	2026-03-23T22:38:54.1470245Z #869    HttpOverrides.runZoned (dart:_http/overrides.dart:59:23)
build_and_deploy	Run Tests	2026-03-23T22:38:54.1470734Z #870    mockNetworkImagesFor (package:network_image_mock/src/network_image_mock.dart:9:24)
build_and_deploy	Run Tests	2026-03-23T22:38:54.1471507Z #871    main.<anonymous closure>.<anonymous closure> (file:///home/runner/work/sports-app/sports-app/test/integration/home_dashboard_test.dart:122:13)
build_and_deploy	Run Tests	2026-03-23T22:38:54.1472336Z #872    testWidgets.<anonymous closure>.<anonymous closure> (package:flutter_test/src/widget_tester.dart:192:29)
build_and_deploy	Run Tests	2026-03-23T22:38:54.1472986Z <asynchronous suspension>
build_and_deploy	Run Tests	2026-03-23T22:38:54.1473388Z #873    TestWidgetsFlutterBinding._runTestBody (package:flutter_test/src/binding.dart:1682:5)
build_and_deploy	Run Tests	2026-03-23T22:38:54.1473938Z <asynchronous suspension>
build_and_deploy	Run Tests	2026-03-23T22:38:54.1474154Z <asynchronous suspension>
build_and_deploy	Run Tests	2026-03-23T22:38:54.1474499Z (elided 11 frames from class _AssertionError, dart:async, and package:stack_trace)
build_and_deploy	Run Tests	2026-03-23T22:38:54.1474810Z 
build_and_deploy	Run Tests	2026-03-23T22:38:54.1474897Z The test description was:
build_and_deploy	Run Tests	2026-03-23T22:38:54.1475157Z   Dashboard Date Navigator filters by selected day
build_and_deploy	Run Tests	2026-03-23T22:38:54.1475717Z ΓòÉΓòÉΓòÉΓòÉΓòÉΓòÉΓòÉΓòÉΓòÉΓòÉΓòÉΓòÉΓòÉΓòÉΓòÉΓòÉΓòÉΓòÉΓòÉΓòÉΓòÉΓòÉΓòÉΓòÉΓòÉΓòÉΓòÉΓòÉΓòÉΓòÉΓòÉΓòÉΓòÉΓòÉΓòÉΓòÉΓòÉΓòÉΓòÉΓòÉΓòÉΓòÉΓòÉΓòÉΓòÉΓòÉΓòÉΓòÉΓòÉΓòÉΓòÉΓòÉΓòÉΓòÉΓòÉΓòÉΓòÉΓòÉΓòÉΓòÉΓòÉΓòÉΓòÉΓòÉΓòÉΓòÉΓòÉΓòÉΓòÉΓòÉΓòÉΓòÉΓòÉΓòÉΓòÉΓòÉΓòÉΓòÉΓòÉΓòÉΓòÉΓòÉΓòÉΓòÉΓòÉΓòÉΓòÉΓòÉΓòÉΓòÉΓòÉΓòÉΓòÉΓòÉΓòÉΓòÉΓòÉΓòÉΓòÉΓòÉ
build_and_deploy	Run Tests	2026-03-23T22:38:54.1476487Z ΓòÉΓòÉΓòí EXCEPTION CAUGHT BY FLUTTER TEST FRAMEWORK Γò₧ΓòÉΓòÉΓòÉΓòÉΓòÉΓòÉΓòÉΓòÉΓòÉΓòÉΓòÉΓòÉΓòÉΓòÉΓòÉΓòÉΓòÉΓòÉΓòÉΓòÉΓòÉΓòÉΓòÉΓòÉΓòÉΓòÉΓòÉΓòÉΓòÉΓòÉΓòÉΓòÉΓòÉΓòÉΓòÉΓòÉΓòÉΓòÉΓòÉΓòÉΓòÉΓòÉΓòÉΓòÉΓòÉΓòÉΓòÉΓòÉΓòÉΓòÉΓòÉΓòÉ
build_and_deploy	Run Tests	2026-03-23T22:38:54.1477055Z The following message was thrown:
build_and_deploy	Run Tests	2026-03-23T22:38:54.1477707Z Multiple exceptions (2) were detected during the running of the current test, and at least one was
build_and_deploy	Run Tests	2026-03-23T22:38:54.1478160Z unexpected.
build_and_deploy	Run Tests	2026-03-23T22:38:54.1478571Z ΓòÉΓòÉΓòÉΓòÉΓòÉΓòÉΓòÉΓòÉΓòÉΓòÉΓòÉΓòÉΓòÉΓòÉΓòÉΓòÉΓòÉΓòÉΓòÉΓòÉΓòÉΓòÉΓòÉΓòÉΓòÉΓòÉΓòÉΓòÉΓòÉΓòÉΓòÉΓòÉΓòÉΓòÉΓòÉΓòÉΓòÉΓòÉΓòÉΓòÉΓòÉΓòÉΓòÉΓòÉΓòÉΓòÉΓòÉΓòÉΓòÉΓòÉΓòÉΓòÉΓòÉΓòÉΓòÉΓòÉΓòÉΓòÉΓòÉΓòÉΓòÉΓòÉΓòÉΓòÉΓòÉΓòÉΓòÉΓòÉΓòÉΓòÉΓòÉΓòÉΓòÉΓòÉΓòÉΓòÉΓòÉΓòÉΓòÉΓòÉΓòÉΓòÉΓòÉΓòÉΓòÉΓòÉΓòÉΓòÉΓòÉΓòÉΓòÉΓòÉΓòÉΓòÉΓòÉΓòÉΓòÉΓòÉΓòÉΓòÉ
build_and_deploy	Run Tests	2026-03-23T22:38:54.1478937Z Test failed. See exception logs above.
build_and_deploy	Run Tests	2026-03-23T22:38:54.1479312Z The test description was: Dashboard Date Navigator filters by selected day
build_and_deploy	Run Tests	2026-03-23T22:38:54.1479598Z 
build_and_deploy	Run Tests	2026-03-23T22:38:54.1479887Z ##[endgroup]
build_and_deploy	Run Tests	2026-03-23T22:38:54.3410407Z Γ£à /home/runner/work/sports-app/sports-app/test/models/league_test.dart: League model constructs with required fields
build_and_deploy	Run Tests	2026-03-23T22:38:54.3453469Z Γ£à /home/runner/work/sports-app/sports-app/test/models/league_test.dart: League model tier defaults to 2
build_and_deploy	Run Tests	2026-03-23T22:38:54.3480940Z Γ£à /home/runner/work/sports-app/sports-app/test/models/league_test.dart: League model custom tier is accepted
build_and_deploy	Run Tests	2026-03-23T22:38:54.3538314Z Γ£à /home/runner/work/sports-app/sports-app/test/models/league_test.dart: League model tier-based sorting works correctly
build_and_deploy	Run Tests	2026-03-23T22:38:54.7616301Z Γ£à /home/runner/work/sports-app/sports-app/test/models/match_test.dart: MatchStatus enum has all expected values
build_and_deploy	Run Tests	2026-03-23T22:38:54.7657361Z Γ£à /home/runner/work/sports-app/sports-app/test/models/match_test.dart: Match model constructs with all required fields
build_and_deploy	Run Tests	2026-03-23T22:38:54.7679481Z Γ£à /home/runner/work/sports-app/sports-app/test/models/match_test.dart: Match model optional fields default to null/false
build_and_deploy	Run Tests	2026-03-23T22:38:54.7699970Z Γ£à /home/runner/work/sports-app/sports-app/test/models/match_test.dart: Match model accepts optional league metadata fields
build_and_deploy	Run Tests	2026-03-23T22:38:54.7718560Z Γ£à /home/runner/work/sports-app/sports-app/test/models/match_test.dart: Match model isFeatured and isFavorite can be set
build_and_deploy	Run Tests	2026-03-23T22:38:54.7951320Z 
build_and_deploy	Run Tests	2026-03-23T22:38:54.7984067Z ##[error]43 tests passed, 3 failed.
build_and_deploy	Run Tests	2026-03-23T22:38:54.8800571Z ##[error]Process completed with exit code 1.
build_and_deploy	Post Setup Flutter	∩╗┐2026-03-23T22:38:54.8968964Z Post job cleanup.
build_and_deploy	Post Checkout repository	∩╗┐2026-03-23T22:38:54.9032064Z Post job cleanup.
build_and_deploy	Post Checkout repository	2026-03-23T22:38:54.9992597Z [command]/usr/bin/git version
build_and_deploy	Post Checkout repository	2026-03-23T22:38:55.0030368Z git version 2.53.0
build_and_deploy	Post Checkout repository	2026-03-23T22:38:55.0074983Z Temporarily overriding HOME='/home/runner/work/_temp/2221ebec-ee50-4279-9afc-c23c10d0a80b' before making global git config changes
build_and_deploy	Post Checkout repository	2026-03-23T22:38:55.0076471Z Adding repository directory to the temporary git global config as a safe directory
build_and_deploy	Post Checkout repository	2026-03-23T22:38:55.0080979Z [command]/usr/bin/git config --global --add safe.directory /home/runner/work/sports-app/sports-app
build_and_deploy	Post Checkout repository	2026-03-23T22:38:55.0118578Z [command]/usr/bin/git config --local --name-only --get-regexp core\.sshCommand
build_and_deploy	Post Checkout repository	2026-03-23T22:38:55.0152541Z [command]/usr/bin/git submodule foreach --recursive sh -c "git config --local --name-only --get-regexp 'core\.sshCommand' && git config --local --unset-all 'core.sshCommand' || :"
build_and_deploy	Post Checkout repository	2026-03-23T22:38:55.0396802Z [command]/usr/bin/git config --local --name-only --get-regexp http\.https\:\/\/github\.com\/\.extraheader
build_and_deploy	Post Checkout repository	2026-03-23T22:38:55.0419053Z http.https://github.com/.extraheader
build_and_deploy	Post Checkout repository	2026-03-23T22:38:55.0431599Z [command]/usr/bin/git config --local --unset-all http.https://github.com/.extraheader
build_and_deploy	Post Checkout repository	2026-03-23T22:38:55.0463199Z [command]/usr/bin/git submodule foreach --recursive sh -c "git config --local --name-only --get-regexp 'http\.https\:\/\/github\.com\/\.extraheader' && git config --local --unset-all 'http.https://github.com/.extraheader' || :"
build_and_deploy	Post Checkout repository	2026-03-23T22:38:55.0695945Z [command]/usr/bin/git config --local --name-only --get-regexp ^includeIf\.gitdir:
build_and_deploy	Post Checkout repository	2026-03-23T22:38:55.0727900Z [command]/usr/bin/git submodule foreach --recursive git config --local --show-origin --name-only --get-regexp remote.origin.url
build_and_deploy	Complete job	∩╗┐2026-03-23T22:38:55.1083555Z Cleaning up orphan processes
build_and_deploy	Complete job	2026-03-23T22:38:55.1378046Z ##[warning]Node.js 20 actions are deprecated. The following actions are running on Node.js 20 and may not work as expected: actions/checkout@v4. Actions will be forced to run with Node.js 24 by default starting June 2nd, 2026. Please check if updated versions of these actions are available that support Node.js 24. To opt into Node.js 24 now, set the FORCE_JAVASCRIPT_ACTIONS_TO_NODE24=true environment variable on the runner or in your workflow file. Once Node.js 24 becomes the default, you can temporarily opt out by setting ACTIONS_ALLOW_USE_UNSECURE_NODE_VERSION=true. For more information see: https://github.blog/changelog/2025-09-19-deprecation-of-node-20-on-github-actions-runners/
